Component: ARM Compiler 5.05 update 1 (build 106) Tool: armlink [4d0efa]

==============================================================================

Section Cross References

    system_stm32f4xx.o(i.SystemCoreClockUpdate) refers to system_stm32f4xx.o(.data) for .data
    system_stm32f4xx.o(i.SystemCoreClockUpdate) refers to system_stm32f4xx.o(.constdata) for .constdata
    event_groups.o(i.vEventGroupClearBitsCallback) refers to event_groups.o(i.xEventGroupClearBits) for xEventGroupClearBits
    event_groups.o(i.vEventGroupDelete) refers to tasks.o(i.vTaskSuspendAll) for vTaskSuspendAll
    event_groups.o(i.vEventGroupDelete) refers to tasks.o(i.xTaskRemoveFromUnorderedEventList) for xTaskRemoveFromUnorderedEventList
    event_groups.o(i.vEventGroupDelete) refers to heap_4.o(i.vPortFree) for vPortFree
    event_groups.o(i.vEventGroupDelete) refers to tasks.o(i.xTaskResumeAll) for xTaskResumeAll
    event_groups.o(i.vEventGroupSetBitsCallback) refers to event_groups.o(i.xEventGroupSetBits) for xEventGroupSetBits
    event_groups.o(i.xEventGroupClearBits) refers to port.o(i.vPortEnterCritical) for vPortEnterCritical
    event_groups.o(i.xEventGroupClearBits) refers to port.o(i.vPortExitCritical) for vPortExitCritical
    event_groups.o(i.xEventGroupCreate) refers to heap_4.o(i.pvPortMalloc) for pvPortMalloc
    event_groups.o(i.xEventGroupCreate) refers to list.o(i.vListInitialise) for vListInitialise
    event_groups.o(i.xEventGroupSetBits) refers to tasks.o(i.vTaskSuspendAll) for vTaskSuspendAll
    event_groups.o(i.xEventGroupSetBits) refers to tasks.o(i.xTaskRemoveFromUnorderedEventList) for xTaskRemoveFromUnorderedEventList
    event_groups.o(i.xEventGroupSetBits) refers to tasks.o(i.xTaskResumeAll) for xTaskResumeAll
    event_groups.o(i.xEventGroupSync) refers to tasks.o(i.xTaskGetSchedulerState) for xTaskGetSchedulerState
    event_groups.o(i.xEventGroupSync) refers to tasks.o(i.vTaskSuspendAll) for vTaskSuspendAll
    event_groups.o(i.xEventGroupSync) refers to event_groups.o(i.xEventGroupSetBits) for xEventGroupSetBits
    event_groups.o(i.xEventGroupSync) refers to tasks.o(i.vTaskPlaceOnUnorderedEventList) for vTaskPlaceOnUnorderedEventList
    event_groups.o(i.xEventGroupSync) refers to tasks.o(i.xTaskResumeAll) for xTaskResumeAll
    event_groups.o(i.xEventGroupSync) refers to tasks.o(i.uxTaskResetEventItemValue) for uxTaskResetEventItemValue
    event_groups.o(i.xEventGroupSync) refers to port.o(i.vPortEnterCritical) for vPortEnterCritical
    event_groups.o(i.xEventGroupSync) refers to port.o(i.vPortExitCritical) for vPortExitCritical
    event_groups.o(i.xEventGroupWaitBits) refers to tasks.o(i.xTaskGetSchedulerState) for xTaskGetSchedulerState
    event_groups.o(i.xEventGroupWaitBits) refers to tasks.o(i.vTaskSuspendAll) for vTaskSuspendAll
    event_groups.o(i.xEventGroupWaitBits) refers to event_groups.o(i.prvTestWaitCondition) for prvTestWaitCondition
    event_groups.o(i.xEventGroupWaitBits) refers to tasks.o(i.vTaskPlaceOnUnorderedEventList) for vTaskPlaceOnUnorderedEventList
    event_groups.o(i.xEventGroupWaitBits) refers to tasks.o(i.xTaskResumeAll) for xTaskResumeAll
    event_groups.o(i.xEventGroupWaitBits) refers to tasks.o(i.uxTaskResetEventItemValue) for uxTaskResetEventItemValue
    event_groups.o(i.xEventGroupWaitBits) refers to port.o(i.vPortEnterCritical) for vPortEnterCritical
    event_groups.o(i.xEventGroupWaitBits) refers to port.o(i.vPortExitCritical) for vPortExitCritical
    port.o(.emb_text) refers to tasks.o(i.vTaskSwitchContext) for vTaskSwitchContext
    port.o(.emb_text) refers to tasks.o(.data) for pxCurrentTCB
    port.o(i.prvTaskExitError) refers to port.o(.data) for .data
    port.o(i.pxPortInitialiseStack) refers to port.o(i.prvTaskExitError) for prvTaskExitError
    port.o(i.vPortEndScheduler) refers to port.o(.data) for .data
    port.o(i.vPortEnterCritical) refers to port.o(.data) for .data
    port.o(i.vPortExitCritical) refers to port.o(.data) for .data
    port.o(i.vPortSetupTimerInterrupt) refers to system_stm32f4xx.o(.data) for SystemCoreClock
    port.o(i.vPortValidateInterruptPriority) refers to port.o(.emb_text) for vPortGetIPSR
    port.o(i.vPortValidateInterruptPriority) refers to port.o(.data) for .data
    port.o(i.xPortStartScheduler) refers to port.o(i.vPortSetupTimerInterrupt) for vPortSetupTimerInterrupt
    port.o(i.xPortStartScheduler) refers to port.o(.emb_text) for __asm___6_port_c_39a90d8d__prvEnableVFP
    port.o(i.xPortStartScheduler) refers to port.o(.data) for .data
    port.o(i.xPortSysTickHandler) refers to tasks.o(i.xTaskIncrementTick) for xTaskIncrementTick
    tasks.o(i.prvAddCurrentTaskToDelayedList) refers to list.o(i.vListInsert) for vListInsert
    tasks.o(i.prvAddCurrentTaskToDelayedList) refers to tasks.o(.data) for .data
    tasks.o(i.prvCheckTasksWaitingTermination) refers to tasks.o(i.vTaskSuspendAll) for vTaskSuspendAll
[...]
    i.USBD_LL_DataInStage                    0x080036ec   Section        0  usbd_core.o(i.USBD_LL_DataInStage)
    i.USBD_LL_DataOutStage                   0x08003796   Section        0  usbd_core.o(i.USBD_LL_DataOutStage)
    i.USBD_LL_DevConnected                   0x08003800   Section        0  usbd_core.o(i.USBD_LL_DevConnected)
    i.USBD_LL_DevDisconnected                0x08003804   Section        0  usbd_core.o(i.USBD_LL_DevDisconnected)
    i.USBD_LL_GetRxDataSize                  0x0800381a   Section        0  usbd_conf.o(i.USBD_LL_GetRxDataSize)
    i.USBD_LL_Init                           0x08003824   Section        0  usbd_conf.o(i.USBD_LL_Init)
    i.USBD_LL_IsStallEP                      0x08003880   Section        0  usbd_conf.o(i.USBD_LL_IsStallEP)
    i.USBD_LL_IsoINIncomplete                0x080038a0   Section        0  usbd_core.o(i.USBD_LL_IsoINIncomplete)
    i.USBD_LL_IsoOUTIncomplete               0x080038a4   Section        0  usbd_core.o(i.USBD_LL_IsoOUTIncomplete)
    i.USBD_LL_OpenEP                         0x080038a8   Section        0  usbd_conf.o(i.USBD_LL_OpenEP)
    i.USBD_LL_PrepareReceive                 0x080038bc   Section        0  usbd_conf.o(i.USBD_LL_PrepareReceive)
    i.USBD_LL_Reset                          0x080038ca   Section        0  usbd_core.o(i.USBD_LL_Reset)
    i.USBD_LL_Resume                         0x08003908   Section        0  usbd_core.o(i.USBD_LL_Resume)
    i.USBD_LL_SOF                            0x08003914   Section        0  usbd_core.o(i.USBD_LL_SOF)
    i.USBD_LL_SetSpeed                       0x0800392c   Section        0  usbd_core.o(i.USBD_LL_SetSpeed)
    i.USBD_LL_SetUSBAddress                  0x08003932   Section        0  usbd_conf.o(i.USBD_LL_SetUSBAddress)
    i.USBD_LL_SetupStage                     0x08003940   Section        0  usbd_core.o(i.USBD_LL_SetupStage)
    i.USBD_LL_StallEP                        0x0800399a   Section        0  usbd_conf.o(i.USBD_LL_StallEP)
    i.USBD_LL_Start                          0x080039a8   Section        0  usbd_conf.o(i.USBD_LL_Start)
    i.USBD_LL_Suspend                        0x080039b6   Section        0  usbd_core.o(i.USBD_LL_Suspend)
    i.USBD_LL_Transmit                       0x080039c8   Section        0  usbd_conf.o(i.USBD_LL_Transmit)
    i.USBD_ParseSetupRequest                 0x080039d6   Section        0  usbd_ctlreq.o(i.USBD_ParseSetupRequest)
    i.USBD_RegisterClass                     0x080039fe   Section        0  usbd_core.o(i.USBD_RegisterClass)
    i.USBD_SetClassConfig                    0x08003a0e   Section        0  usbd_core.o(i.USBD_SetClassConfig)
    i.USBD_SetConfig                         0x08003a24   Section        0  usbd_ctlreq.o(i.USBD_SetConfig)
    USBD_SetConfig                           0x08003a25   Thumb Code   110  usbd_ctlreq.o(i.USBD_SetConfig)
    i.USBD_Start                             0x08003a98   Section        0  usbd_core.o(i.USBD_Start)
    i.USBD_StdDevReq                         0x08003aa2   Section        0  usbd_ctlreq.o(i.USBD_StdDevReq)
    i.USBD_StdEPReq                          0x08003b94   Section        0  usbd_ctlreq.o(i.USBD_StdEPReq)
    i.USBD_StdItfReq                         0x08003c70   Section        0  usbd_ctlreq.o(i.USBD_StdItfReq)
    i.USB_ActivateEndpoint                   0x08003ca4   Section        0  stm32f4xx_ll_usb.o(i.USB_ActivateEndpoint)
    i.USB_ActivateSetup                      0x08003d24   Section        0  stm32f4xx_ll_usb.o(i.USB_ActivateSetup)
    i.USB_CoreInit                           0x08003d58   Section        0  stm32f4xx_ll_usb.o(i.USB_CoreInit)
    i.USB_CoreReset                          0x08003dc4   Section        0  stm32f4xx_ll_usb.o(i.USB_CoreReset)
    USB_CoreReset                            0x08003dc5   Thumb Code    50  stm32f4xx_ll_usb.o(i.USB_CoreReset)
    i.USB_DeactivateEndpoint                 0x08003dfc   Section        0  stm32f4xx_ll_usb.o(i.USB_DeactivateEndpoint)
    i.USB_DevConnect                         0x08003e6a   Section        0  stm32f4xx_ll_usb.o(i.USB_DevConnect)
    i.USB_DevDisconnect                      0x08003e82   Section        0  stm32f4xx_ll_usb.o(i.USB_DevDisconnect)
    i.USB_DevInit                            0x08003e9c   Section        0  stm32f4xx_ll_usb.o(i.USB_DevInit)
    i.USB_DisableGlobalInt                   0x08003fe0   Section        0  stm32f4xx_ll_usb.o(i.USB_DisableGlobalInt)
    i.USB_EP0StartXfer                       0x08003fec   Section        0  stm32f4xx_ll_usb.o(i.USB_EP0StartXfer)
    i.USB_EP0_OutStart                       0x0800412c   Section        0  stm32f4xx_ll_usb.o(i.USB_EP0_OutStart)
    i.USB_EPClearStall                       0x0800416a   Section        0  stm32f4xx_ll_usb.o(i.USB_EPClearStall)
    i.USB_EPSetStall                         0x080041ce   Section        0  stm32f4xx_ll_usb.o(i.USB_EPSetStall)
    i.USB_EPStartXfer                        0x0800422c   Section        0  stm32f4xx_ll_usb.o(i.USB_EPStartXfer)
    i.USB_EnableGlobalInt                    0x08004448   Section        0  stm32f4xx_ll_usb.o(i.USB_EnableGlobalInt)
    i.USB_FlushRxFifo                        0x08004454   Section        0  stm32f4xx_ll_usb.o(i.USB_FlushRxFifo)
    i.USB_FlushTxFifo                        0x08004474   Section        0  stm32f4xx_ll_usb.o(i.USB_FlushTxFifo)
    i.USB_GetDevSpeed                        0x08004498   Section        0  stm32f4xx_ll_usb.o(i.USB_GetDevSpeed)
    i.USB_GetMode                            0x080044d4   Section        0  stm32f4xx_ll_usb.o(i.USB_GetMode)
    i.USB_ReadDevAllInEpInterrupt            0x080044dc   Section        0  stm32f4xx_ll_usb.o(i.USB_ReadDevAllInEpInterrupt)
    i.USB_ReadDevAllOutEpInterrupt           0x080044ea   Section        0  stm32f4xx_ll_usb.o(i.USB_ReadDevAllOutEpInterrupt)
    i.USB_ReadDevInEPInterrupt               0x080044f8   Section        0  stm32f4xx_ll_usb.o(i.USB_ReadDevInEPInterrupt)
    i.USB_ReadDevOutEPInterrupt              0x08004516   Section        0  stm32f4xx_ll_usb.o(i.USB_ReadDevOutEPInterrupt)
    i.USB_ReadInterrupts                     0x08004526   Section        0  stm32f4xx_ll_usb.o(i.USB_ReadInterrupts)
    i.USB_ReadPacket                         0x0800452e   Section        0  stm32f4xx_ll_usb.o(i.USB_ReadPacket)
    i.USB_SetCurrentMode                     0x0800454c   Section        0  stm32f4xx_ll_usb.o(i.USB_SetCurrentMode)
    i.USB_SetDevAddress                      0x08004578   Section        0  stm32f4xx_ll_usb.o(i.USB_SetDevAddress)
    i.USB_WritePacket                        0x0800459a   Section        0  stm32f4xx_ll_usb.o(i.USB_WritePacket)
    i._Z12MX_ADC1_Initv                      0x080045c0   Section        0  main.o(i._Z12MX_ADC1_Initv)
    MX_ADC1_Init()                           0x080045c1   Thumb Code    58  main.o(i._Z12MX_ADC1_Initv)
    i._Z12MX_GPIO_Initv                      0x08004604   Section        0  main.o(i._Z12MX_GPIO_Initv)
    MX_GPIO_Init()                           0x08004605   Thumb Code    70  main.o(i._Z12MX_GPIO_Initv)
    i._Z12MX_TIM3_Initv                      0x08004650   Section        0  main.o(i._Z12MX_TIM3_Initv)
    MX_TIM3_Init()                           0x08004651   Thumb Code    84  main.o(i._Z12MX_TIM3_Initv)
    i._Z14temperatureTskPKv                  0x080046ac   Section        0  main.o(i._Z14temperatureTskPKv)
    i._Z16StartDefaultTaskPKv                0x080046b4   Section        0  main.o(i._Z16StartDefaultTaskPKv)
    i._Z18SystemClock_Configv                0x080046c4   Section        0  main.o(i._Z18SystemClock_Configv)
    i.__scatterload_copy                     0x08004758   Section       14  handlers.o(i.__scatterload_copy)
    i.__scatterload_null                     0x08004766   Section        2  handlers.o(i.__scatterload_null)
    i.__scatterload_zeroinit                 0x08004768   Section       14  handlers.o(i.__scatterload_zeroinit)
    i.free                                   0x08004778   Section        0  malloc.o(i.free)
    i.main                                   0x080047c8   Section        0  main.o(i.main)
    i.makeFreeRtosPriority                   0x08004888   Section        0  cmsis_os.o(i.makeFreeRtosPriority)
    makeFreeRtosPriority                     0x08004889   Thumb Code    12  cmsis_os.o(i.makeFreeRtosPriority)
    i.malloc                                 0x08004894   Section        0  malloc.o(i.malloc)
    i.osDelay                                0x08004900   Section        0  cmsis_os.o(i.osDelay)
    i.osKernelStart                          0x0800490e   Section        0  cmsis_os.o(i.osKernelStart)
    i.osSystickHandler                       0x08004918   Section        0  cmsis_os.o(i.osSystickHandler)
    i.osThreadCreate                         0x0800492c   Section        0  cmsis_os.o(i.osThreadCreate)
    i.prvAddCurrentTaskToDelayedList         0x08004964   Section        0  tasks.o(i.prvAddCurrentTaskToDelayedList)
    prvAddCurrentTaskToDelayedList           0x08004965   Thumb Code    48  tasks.o(i.prvAddCurrentTaskToDelayedList)
    i.prvCheckTasksWaitingTermination        0x08004998   Section        0  tasks.o(i.prvCheckTasksWaitingTermination)
    prvCheckTasksWaitingTermination          0x08004999   Thumb Code    76  tasks.o(i.prvCheckTasksWaitingTermination)
    i.prvHeapInit                            0x080049ec   Section        0  heap_4.o(i.prvHeapInit)
    prvHeapInit                              0x080049ed   Thumb Code    66  heap_4.o(i.prvHeapInit)
    i.prvIdleTask                            0x08004a38   Section        0  tasks.o(i.prvIdleTask)
    prvIdleTask                              0x08004a39   Thumb Code    30  tasks.o(i.prvIdleTask)
    i.prvInsertBlockIntoFreeList             0x08004a60   Section        0  heap_4.o(i.prvInsertBlockIntoFreeList)
    prvInsertBlockIntoFreeList               0x08004a61   Thumb Code    72  heap_4.o(i.prvInsertBlockIntoFreeList)
    i.prvResetNextTaskUnblockTime            0x08004aac   Section        0  tasks.o(i.prvResetNextTaskUnblockTime)
    prvResetNextTaskUnblockTime              0x08004aad   Thumb Code    26  tasks.o(i.prvResetNextTaskUnblockTime)
    i.prvTaskExitError                       0x08004acc   Section        0  port.o(i.prvTaskExitError)
    prvTaskExitError                         0x08004acd   Thumb Code    36  port.o(i.prvTaskExitError)
    i.pvPortMalloc                           0x08004af4   Section        0  heap_4.o(i.pvPortMalloc)
    i.pxPortInitialiseStack                  0x08004bcc   Section        0  port.o(i.pxPortInitialiseStack)
    i.uxListRemove                           0x08004bf4   Section        0  list.o(i.uxListRemove)
    i.vListInitialise                        0x08004c18   Section        0  list.o(i.vListInitialise)
    i.vListInitialiseItem                    0x08004c2e   Section        0  list.o(i.vListInitialiseItem)
    i.vListInsert                            0x08004c34   Section        0  list.o(i.vListInsert)
    i.vListInsertEnd                         0x08004c64   Section        0  list.o(i.vListInsertEnd)
    i.vPortEnterCritical                     0x08004c7c   Section        0  port.o(i.vPortEnterCritical)
    i.vPortExitCritical                      0x08004cbc   Section        0  port.o(i.vPortExitCritical)
    i.vPortFree                              0x08004ce4   Section        0  heap_4.o(i.vPortFree)
    i.vPortSetupTimerInterrupt               0x08004d40   Section        0  port.o(i.vPortSetupTimerInterrupt)
    i.vTaskDelay                             0x08004d60   Section        0  tasks.o(i.vTaskDelay)
    i.vTaskStartScheduler                    0x08004dc8   Section        0  tasks.o(i.vTaskStartScheduler)
    i.vTaskSuspendAll                        0x08004e28   Section        0  tasks.o(i.vTaskSuspendAll)
    i.vTaskSwitchContext                     0x08004e38   Section        0  tasks.o(i.vTaskSwitchContext)
    i.xPortStartScheduler                    0x08004e94   Section        0  port.o(i.xPortStartScheduler)
    i.xPortSysTickHandler                    0x08004f74   Section        0  port.o(i.xPortSysTickHandler)
    i.xTaskGenericCreate                     0x08004fa0   Section        0  tasks.o(i.xTaskGenericCreate)
    i.xTaskGetSchedulerState                 0x0800515c   Section        0  tasks.o(i.xTaskGetSchedulerState)
    i.xTaskIncrementTick                     0x08005178   Section        0  tasks.o(i.xTaskIncrementTick)
    i.xTaskResumeAll                         0x08005244   Section        0  tasks.o(i.xTaskResumeAll)
    .constdata                               0x08005308   Section       20  sd_diskio.o(.constdata)
    .constdata                               0x0800531c   Section       40  main.o(.constdata)
    .constdata                               0x08005344   Section       16  stm32f4xx_hal_rcc.o(.constdata)
    .conststring                             0x08005354   Section       24  main.o(.conststring)
    .data                                    0x20000000   Section        4  system_stm32f4xx.o(.data)
    .data                                    0x20000004   Section       12  port.o(.data)
    ucMaxSysCallPriority                     0x20000004   Data           1  port.o(.data)
    uxCriticalNesting                        0x20000008   Data           4  port.o(.data)
    ulMaxPRIGROUPValue                       0x2000000c   Data           4  port.o(.data)
    .data                                    0x20000010   Section       56  tasks.o(.data)
    uxTasksDeleted                           0x20000014   Data           4  tasks.o(.data)
    uxCurrentNumberOfTasks                   0x20000018   Data           4  tasks.o(.data)
    xTickCount                               0x2000001c   Data           4  tasks.o(.data)
    uxTopReadyPriority                       0x20000020   Data           4  tasks.o(.data)
    xSchedulerRunning                        0x20000024   Data           4  tasks.o(.data)
    uxPendedTicks                            0x20000028   Data           4  tasks.o(.data)
    xYieldPending                            0x2000002c   Data           4  tasks.o(.data)
    xNumOfOverflows                          0x20000030   Data           4  tasks.o(.data)
    uxTaskNumber                             0x20000034   Data           4  tasks.o(.data)
    xNextTaskUnblockTime                     0x20000038   Data           4  tasks.o(.data)
    uxSchedulerSuspended                     0x2000003c   Data           4  tasks.o(.data)
    pxDelayedTaskList                        0x20000040   Data           4  tasks.o(.data)
    pxOverflowDelayedTaskList                0x20000044   Data           4  tasks.o(.data)
    .data                                    0x20000048   Section       24  heap_4.o(.data)
    pxEnd                                    0x20000048   Data           4  heap_4.o(.data)
    xFreeBytesRemaining                      0x2000004c   Data           4  heap_4.o(.data)
    xMinimumEverFreeBytesRemaining           0x20000050   Data           4  heap_4.o(.data)
    xBlockAllocatedBit                       0x20000054   Data           4  heap_4.o(.data)
    xStart                                   0x20000058   Data           8  heap_4.o(.data)
    .data                                    0x20000060   Section        1  sd_diskio.o(.data)
    Stat                                     0x20000060   Data           1  sd_diskio.o(.data)
    .data                                    0x20000061   Section        5  fatfs.o(.data)
    .data                                    0x20000068   Section       16  usbd_cdc_if.o(.data)
    .data                                    0x20000078   Section       12  usbd_cdc_if.o(.data)
    .data                                    0x20000084   Section       28  usbd_desc.o(.data)
    .data                                    0x200000a0   Section       22  usbd_desc.o(.data)
    .data                                    0x200000b8   Section        8  main.o(.data)
    .data                                    0x200000c0   Section        4  stm32f4xx_hal.o(.data)
    .data                                    0x200000c4   Section        1  usbd_ctlreq.o(.data)
    cfgidx                                   0x200000c4   Data           1  usbd_ctlreq.o(.data)
    .data                                    0x200000c8   Section      219  usbd_cdc.o(.data)
    ifalt                                    0x200000c8   Data           1  usbd_cdc.o(.data)
    USBD_CDC_DeviceQualifierDesc             0x200000cc   Data          10  usbd_cdc.o(.data)
    .data                                    0x200001a4   Section       56  usbd_cdc.o(.data)
    .data                                    0x200001dc   Section        4  mvars.o(.data)
    .data                                    0x200001e0   Section        4  mvars.o(.data)
    .bss                                     0x200001e4   Section      240  tasks.o(.bss)
    pxReadyTasksLists                        0x200001e4   Data         140  tasks.o(.bss)
    xDelayedTaskList1                        0x20000270   Data          20  tasks.o(.bss)
    xDelayedTaskList2                        0x20000284   Data          20  tasks.o(.bss)
    xPendingReadyList                        0x20000298   Data          20  tasks.o(.bss)
    xTasksWaitingTermination                 0x200002ac   Data          20  tasks.o(.bss)
    xSuspendedTaskList                       0x200002c0   Data          20  tasks.o(.bss)
    .bss                                     0x200002d4   Section    15360  heap_4.o(.bss)
    ucHeap                                   0x200002d4   Data       15360  heap_4.o(.bss)
    .bss                                     0x20003ed4   Section       12  ff_gen_drv.o(.bss)
    .bss                                     0x20003ee0   Section      952  usbd_conf.o(.bss)
    .bss                                     0x20004298   Section      548  usb_device.o(.bss)
    .bss                                     0x200044bc   Section      512  usbd_desc.o(.bss)
    .bss                                     0x200046bc   Section      312  main.o(.bss)
    .bss                                     0x200047f8   Section       88  main.o(.bss)
    HEAP                                     0x20004850   Section     1024  startup_stm32f407xx.o(HEAP)
    STACK                                    0x20004c50   Section      512  startup_stm32f407xx.o(STACK)

    Global Symbols

    Symbol Name                              Value     Ov Type        Size  Object(Section)

    BuildAttributes$$THM_ISAv4$E$P$D$K$B$S$7EM$VFPi3$EXTD16$VFPS$VFMA$PE$A:L22UL41UL21$X:L11$S22US41US21$IEEE1$IW$USESV6$~STKCKD$USESV7$~SHL$OTIME$ROPI$IEEEJ$EBA8$MICROLIB$REQ8$PRES8$EABIv2 0x00000000   Number         0  anon$$obj.o ABSOLUTE
    __ARM_use_no_argv                        0x00000000   Number         0  main.o ABSOLUTE
    __cpp_initialize__aeabi_                  - Undefined Weak Reference
    __cxa_finalize                            - Undefined Weak Reference
    _clock_init                               - Undefined Weak Reference
    _microlib_exit                            - Undefined Weak Reference
    __Vectors_Size                           0x00000188   Number         0  startup_stm32f407xx.o ABSOLUTE
    __Vectors                                0x08000000   Data           4  startup_stm32f407xx.o(RESET)
    __Vectors_End                            0x08000188   Data           0  startup_stm32f407xx.o(RESET)
    __main                                   0x08000189   Thumb Code     0  entry.o(.ARM.Collect$$$$00000000)
    _main_stk                                0x08000189   Thumb Code     0  entry2.o(.ARM.Collect$$$$00000001)
    _main_scatterload                        0x0800018d   Thumb Code     0  entry5.o(.ARM.Collect$$$$00000004)
    __main_after_scatterload                 0x08000191   Thumb Code     0  entry5.o(.ARM.Collect$$$$00000004)
    _main_clock                              0x08000191   Thumb Code     0  entry7b.o(.ARM.Collect$$$$00000008)
    _main_cpp_init                           0x08000191   Thumb Code     0  entry8b.o(.ARM.Collect$$$$0000000A)
    _main_init                               0x08000191   Thumb Code     0  entry9a.o(.ARM.Collect$$$$0000000B)
    __rt_final_cpp                           0x08000199   Thumb Code     0  entry10a.o(.ARM.Collect$$$$0000000D)
    __rt_final_exit                          0x08000199   Thumb Code     0  entry11a.o(.ARM.Collect$$$$0000000F)
    SVC_Handler                              0x0800019d   Thumb Code    28  port.o(.emb_text)
    __asm___6_port_c_39a90d8d__prvStartFirstTask 0x080001bd   Thumb Code    28  port.o(.emb_text)
    __asm___6_port_c_39a90d8d__prvEnableVFP  0x080001dd   Thumb Code    16  port.o(.emb_text)
    PendSV_Handler                           0x080001f1   Thumb Code    92  port.o(.emb_text)
    vPortGetIPSR                             0x08000251   Thumb Code     6  port.o(.emb_text)
    Reset_Handler                            0x08000259   Thumb Code     8  startup_stm32f407xx.o(.text)
    NMI_Handler                              0x08000261   Thumb Code     2  startup_stm32f407xx.o(.text)
    HardFault_Handler                        0x08000263   Thumb Code     2  startup_stm32f407xx.o(.text)
    MemManage_Handler                        0x08000265   Thumb Code     2  startup_stm32f407xx.o(.text)
    BusFault_Handler                         0x08000267   Thumb Code     2  startup_stm32f407xx.o(.text)
    UsageFault_Handler                       0x08000269   Thumb Code     2  startup_stm32f407xx.o(.text)
    DebugMon_Handler                         0x0800026d   Thumb Code     2  startup_stm32f407xx.o(.text)
    ADC_IRQHandler                           0x08000273   Thumb Code     0  startup_stm32f407xx.o(.text)
    CAN1_RX0_IRQHandler                      0x08000273   Thumb Code     0  startup_stm32f407xx.o(.text)
    CAN1_RX1_IRQHandler                      0x08000273   Thumb Code     0  startup_stm32f407xx.o(.text)
    CAN1_SCE_IRQHandler                      0x08000273   Thumb Code     0  startup_stm32f407xx.o(.text)
    CAN1_TX_IRQHandler                       0x08000273   Thumb Code     0  startup_stm32f407xx.o(.text)
    CAN2_RX0_IRQHandler                      0x08000273   Thumb Code     0  startup_stm32f407xx.o(.text)
    CAN2_RX1_IRQHandler                      0x08000273   Thumb Code     0  startup_stm32f407xx.o(.text)
    CAN2_SCE_IRQHandler                      0x08000273   Thumb Code     0  startup_stm32f407xx.o(.text)
    CAN2_TX_IRQHandler                       0x08000273   Thumb Code     0  startup_stm32f407xx.o(.text)
    DCMI_IRQHandler                          0x08000273   Thumb Code     0  startup_stm32f407xx.o(.text)
    DMA1_Stream0_IRQHandler                  0x08000273   Thumb Code     0  startup_stm32f407xx.o(.text)
    DMA1_Stream1_IRQHandler                  0x08000273   Thumb Code     0  startup_stm32f407xx.o(.text)
    DMA1_Stream2_IRQHandler                  0x08000273   Thumb Code     0  startup_stm32f407xx.o(.text)
    DMA1_Stream3_IRQHandler                  0x08000273   Thumb Code     0  startup_stm32f407xx.o(.text)
    DMA1_Stream4_IRQHandler                  0x08000273   Thumb Code     0  startup_stm32f407xx.o(.text)
    DMA1_Stream5_IRQHandler                  0x08000273   Thumb Code     0  startup_stm32f407xx.o(.text)
    DMA1_Stream6_IRQHandler                  0x08000273   Thumb Code     0  startup_stm32f407xx.o(.text)
    DMA1_Stream7_IRQHandler                  0x08000273   Thumb Code     0  startup_stm32f407xx.o(.text)
    DMA2_Stream0_IRQHandler                  0x08000273   Thumb Code     0  startup_stm32f407xx.o(.text)
    DMA2_Stream1_IRQHandler                  0x08000273   Thumb Code     0  startup_stm32f407xx.o(.text)
    DMA2_Stream2_IRQHandler                  0x08000273   Thumb Code     0  startup_stm32f407xx.o(.text)
    DMA2_Stream3_IRQHandler                  0x08000273   Thumb Code     0  startup_stm32f407xx.o(.text)
    DMA2_Stream4_IRQHandler                  0x08000273   Thumb Code     0  startup_stm32f407xx.o(.text)
    DMA2_Stream5_IRQHandler                  0x08000273   Thumb Code     0  startup_stm32f407xx.o(.text)
    DMA2_Stream6_IRQHandler                  0x08000273   Thumb Code     0  startup_stm32f407xx.o(.text)
    DMA2_Stream7_IRQHandler                  0x08000273   Thumb Code     0  startup_stm32f407xx.o(.text)
    ETH_IRQHandler                           0x08000273   Thumb Code     0  startup_stm32f407xx.o(.text)
    ETH_WKUP_IRQHandler                      0x08000273   Thumb Code     0  startup_stm32f407xx.o(.text)
    EXTI0_IRQHandler                         0x08000273   Thumb Code     0  startup_stm32f407xx.o(.text)
    EXTI15_10_IRQHandler                     0x08000273   Thumb Code     0  startup_stm32f407xx.o(.text)
    EXTI1_IRQHandler                         0x08000273   Thumb Code     0  startup_stm32f407xx.o(.text)
    EXTI2_IRQHandler                         0x08000273   Thumb Code     0  startup_stm32f407xx.o(.text)
    EXTI3_IRQHandler                         0x08000273   Thumb Code     0  startup_stm32f407xx.o(.text)
    EXTI4_IRQHandler                         0x08000273   Thumb Code     0  startup_stm32f407xx.o(.text)
    EXTI9_5_IRQHandler                       0x08000273   Thumb Code     0  startup_stm32f407xx.o(.text)
    FLASH_IRQHandler                         0x08000273   Thumb Code     0  startup_stm32f407xx.o(.text)
    FMC_IRQHandler                           0x08000273   Thumb Code     0  startup_stm32f407xx.o(.text)
    FPU_IRQHandler                           0x08000273   Thumb Code     0  startup_stm32f407xx.o(.text)
    HASH_RNG_IRQHandler                      0x08000273   Thumb Code     0  startup_stm32f407xx.o(.text)
    I2C1_ER_IRQHandler                       0x08000273   Thumb Code     0  startup_stm32f407xx.o(.text)
    I2C1_EV_IRQHandler                       0x08000273   Thumb Code     0  startup_stm32f407xx.o(.text)
    I2C2_ER_IRQHandler                       0x08000273   Thumb Code     0  startup_stm32f407xx.o(.text)
    I2C2_EV_IRQHandler                       0x08000273   Thumb Code     0  startup_stm32f407xx.o(.text)
    I2C3_ER_IRQHandler                       0x08000273   Thumb Code     0  startup_stm32f407xx.o(.text)
    I2C3_EV_IRQHandler                       0x08000273   Thumb Code     0  startup_stm32f407xx.o(.text)
    OTG_FS_WKUP_IRQHandler                   0x08000273   Thumb Code     0  startup_stm32f407xx.o(.text)
    OTG_HS_EP1_IN_IRQHandler                 0x08000273   Thumb Code     0  startup_stm32f407xx.o(.text)
    OTG_HS_EP1_OUT_IRQHandler                0x08000273   Thumb Code     0  startup_stm32f407xx.o(.text)
    OTG_HS_IRQHandler                        0x08000273   Thumb Code     0  startup_stm32f407xx.o(.text)
    OTG_HS_WKUP_IRQHandler                   0x08000273   Thumb Code     0  startup_stm32f407xx.o(.text)
    PVD_IRQHandler                           0x08000273   Thumb Code     0  startup_stm32f407xx.o(.text)
    RCC_IRQHandler                           0x08000273   Thumb Code     0  startup_stm32f407xx.o(.text)
    RTC_Alarm_IRQHandler                     0x08000273   Thumb Code     0  startup_stm32f407xx.o(.text)
    RTC_WKUP_IRQHandler                      0x08000273   Thumb Code     0  startup_stm32f407xx.o(.text)
    SDIO_IRQHandler                          0x08000273   Thumb Code     0  startup_stm32f407xx.o(.text)
    SPI1_IRQHandler                          0x08000273   Thumb Code     0  startup_stm32f407xx.o(.text)
    SPI2_IRQHandler                          0x08000273   Thumb Code     0  startup_stm32f407xx.o(.text)
    SPI3_IRQHandler                          0x08000273   Thumb Code     0  startup_stm32f407xx.o(.text)
    TAMP_STAMP_IRQHandler                    0x08000273   Thumb Code     0  startup_stm32f407xx.o(.text)
    TIM1_BRK_TIM9_IRQHandler                 0x08000273   Thumb Code     0  startup_stm32f407xx.o(.text)
    TIM1_CC_IRQHandler                       0x08000273   Thumb Code     0  startup_stm32f407xx.o(.text)
    TIM1_TRG_COM_TIM11_IRQHandler            0x08000273   Thumb Code     0  startup_stm32f407xx.o(.text)
    TIM1_UP_TIM10_IRQHandler                 0x08000273   Thumb Code     0  startup_stm32f407xx.o(.text)
    TIM2_IRQHandler                          0x08000273   Thumb Code     0  startup_stm32f407xx.o(.text)
    TIM3_IRQHandler                          0x08000273   Thumb Code     0  startup_stm32f407xx.o(.text)
    TIM4_IRQHandler                          0x08000273   Thumb Code     0  startup_stm32f407xx.o(.text)
    TIM5_IRQHandler                          0x08000273   Thumb Code     0  startup_stm32f407xx.o(.text)
    TIM6_DAC_IRQHandler                      0x08000273   Thumb Code     0  startup_stm32f407xx.o(.text)
    TIM7_IRQHandler                          0x08000273   Thumb Code     0  startup_stm32f407xx.o(.text)
    TIM8_BRK_TIM12_IRQHandler                0x08000273   Thumb Code     0  startup_stm32f407xx.o(.text)
    TIM8_CC_IRQHandler                       0x08000273   Thumb Code     0  startup_stm32f407xx.o(.text)
    TIM8_TRG_COM_TIM14_IRQHandler            0x08000273   Thumb Code     0  startup_stm32f407xx.o(.text)
    TIM8_UP_TIM13_IRQHandler                 0x08000273   Thumb Code     0  startup_stm32f407xx.o(.text)
    UART4_IRQHandler                         0x08000273   Thumb Code     0  startup_stm32f407xx.o(.text)
    UART5_IRQHandler                         0x08000273   Thumb Code     0  startup_stm32f407xx.o(.text)
    USART1_IRQHandler                        0x08000273   Thumb Code     0  startup_stm32f407xx.o(.text)
    USART2_IRQHandler                        0x08000273   Thumb Code     0  startup_stm32f407xx.o(.text)
    USART3_IRQHandler                        0x08000273   Thumb Code     0  startup_stm32f407xx.o(.text)
    USART6_IRQHandler                        0x08000273   Thumb Code     0  startup_stm32f407xx.o(.text)
    WWDG_IRQHandler                          0x08000273   Thumb Code     0  startup_stm32f407xx.o(.text)
    __aeabi_memcpy                           0x0800027d   Thumb Code    36  memcpya.o(.text)
    __aeabi_memcpy4                          0x0800027d   Thumb Code     0  memcpya.o(.text)
    __aeabi_memcpy8                          0x0800027d   Thumb Code     0  memcpya.o(.text)
    __aeabi_memset                           0x080002a1   Thumb Code    14  memseta.o(.text)
    __aeabi_memset4                          0x080002a1   Thumb Code     0  memseta.o(.text)
    __aeabi_memset8                          0x080002a1   Thumb Code     0  memseta.o(.text)
    __aeabi_memclr                           0x080002af   Thumb Code     4  memseta.o(.text)
    __aeabi_memclr4                          0x080002af   Thumb Code     0  memseta.o(.text)
    __aeabi_memclr8                          0x080002af   Thumb Code     0  memseta.o(.text)
    _memset$wrapper                          0x080002b3   Thumb Code    18  memseta.o(.text)
    __scatterload                            0x080002c5   Thumb Code    28  init.o(.text)
    __scatterload_rt2                        0x080002c5   Thumb Code     0  init.o(.text)
    __decompress                             0x080002e9   Thumb Code     0  __dczerorl2.o(.text)
    __decompress1                            0x080002e9   Thumb Code    86  __dczerorl2.o(.text)
    BSP_SD_GetCardInfo                       0x08000475   Thumb Code     8  bsp_driver_sd.o(i.BSP_SD_GetCardInfo)
    BSP_SD_GetStatus                         0x08000481   Thumb Code     6  bsp_driver_sd.o(i.BSP_SD_GetStatus)
    BSP_SD_Init                              0x0800048d   Thumb Code    50  bsp_driver_sd.o(i.BSP_SD_Init)
    BSP_SD_ReadBlocks                        0x080004c9   Thumb Code    26  bsp_driver_sd.o(i.BSP_SD_ReadBlocks)
    BSP_SD_WriteBlocks                       0x080004e9   Thumb Code    26  bsp_driver_sd.o(i.BSP_SD_WriteBlocks)
    FATFS_LinkDriver                         0x08000551   Thumb Code     6  ff_gen_drv.o(i.FATFS_LinkDriver)
    FATFS_LinkDriverEx                       0x08000559   Thumb Code    60  ff_gen_drv.o(i.FATFS_LinkDriverEx)
    HAL_ADC_ConfigChannel                    0x08000599   Thumb Code   322  stm32f4xx_hal_adc.o(i.HAL_ADC_ConfigChannel)
    HAL_ADC_Init                             0x080006e9   Thumb Code    84  stm32f4xx_hal_adc.o(i.HAL_ADC_Init)
    HAL_ADC_MspInit                          0x0800073d   Thumb Code    70  stm32f4xx_hal_msp.o(i.HAL_ADC_MspInit)
    HAL_DAC_ConfigChannel                    0x08000795   Thumb Code    66  stm32f4xx_hal_dac.o(i.HAL_DAC_ConfigChannel)
    HAL_DAC_Init                             0x080007d7   Thumb Code    40  stm32f4xx_hal_dac.o(i.HAL_DAC_Init)
    HAL_DAC_MspInit                          0x08000801   Thumb Code    54  stm32f4xx_hal_msp.o(i.HAL_DAC_MspInit)
    HAL_Delay                                0x08000845   Thumb Code    22  stm32f4xx_hal.o(i.HAL_Delay)
    HAL_GPIO_Init                            0x0800085d   Thumb Code   398  stm32f4xx_hal_gpio.o(i.HAL_GPIO_Init)
    HAL_GetTick                              0x08000a1d   Thumb Code     6  stm32f4xx_hal.o(i.HAL_GetTick)
    HAL_IncTick                              0x08000a29   Thumb Code    10  stm32f4xx_hal.o(i.HAL_IncTick)
    HAL_Init                                 0x08000a39   Thumb Code    48  stm32f4xx_hal.o(i.HAL_Init)
    HAL_InitTick                             0x08000a6d   Thumb Code    34  stm32f4xx_hal.o(i.HAL_InitTick)
    HAL_MspInit                              0x08000a8f   Thumb Code    22  stm32f4xx_hal_msp.o(i.HAL_MspInit)
    HAL_NVIC_EnableIRQ                       0x08000aa5   Thumb Code    22  stm32f4xx_hal_cortex.o(i.HAL_NVIC_EnableIRQ)
    HAL_NVIC_SetPriority                     0x08000abd   Thumb Code    60  stm32f4xx_hal_cortex.o(i.HAL_NVIC_SetPriority)
    HAL_NVIC_SetPriorityGrouping             0x08000afd   Thumb Code    26  stm32f4xx_hal_cortex.o(i.HAL_NVIC_SetPriorityGrouping)
    HAL_PCDEx_SetRxFiFo                      0x08000b21   Thumb Code     8  stm32f4xx_hal_pcd_ex.o(i.HAL_PCDEx_SetRxFiFo)
    HAL_PCDEx_SetTxFiFo                      0x08000b29   Thumb Code    68  stm32f4xx_hal_pcd_ex.o(i.HAL_PCDEx_SetTxFiFo)
    HAL_PCD_ConnectCallback                  0x08000b6d   Thumb Code     8  usbd_conf.o(i.HAL_PCD_ConnectCallback)
    HAL_PCD_DataInStageCallback              0x08000b75   Thumb Code    18  usbd_conf.o(i.HAL_PCD_DataInStageCallback)
    HAL_PCD_DataOutStageCallback             0x08000b87   Thumb Code    20  usbd_conf.o(i.HAL_PCD_DataOutStageCallback)
    HAL_PCD_DisconnectCallback               0x08000b9b   Thumb Code     8  usbd_conf.o(i.HAL_PCD_DisconnectCallback)
    HAL_PCD_EP_Close                         0x08000ba3   Thumb Code    68  stm32f4xx_hal_pcd.o(i.HAL_PCD_EP_Close)
    HAL_PCD_EP_ClrStall                      0x08000be7   Thumb Code    80  stm32f4xx_hal_pcd.o(i.HAL_PCD_EP_ClrStall)
    HAL_PCD_EP_GetRxCount                    0x08000c37   Thumb Code    20  stm32f4xx_hal_pcd.o(i.HAL_PCD_EP_GetRxCount)
    HAL_PCD_EP_Open                          0x08000c4b   Thumb Code    84  stm32f4xx_hal_pcd.o(i.HAL_PCD_EP_Open)
    HAL_PCD_EP_Receive                       0x08000ca1   Thumb Code    94  stm32f4xx_hal_pcd.o(i.HAL_PCD_EP_Receive)
    HAL_PCD_EP_SetStall                      0x08000cff   Thumb Code    96  stm32f4xx_hal_pcd.o(i.HAL_PCD_EP_SetStall)
    HAL_PCD_EP_Transmit                      0x08000d5f   Thumb Code    86  stm32f4xx_hal_pcd.o(i.HAL_PCD_EP_Transmit)
    HAL_PCD_IRQHandler                       0x08000db5   Thumb Code  1022  stm32f4xx_hal_pcd.o(i.HAL_PCD_IRQHandler)
    HAL_PCD_ISOINIncompleteCallback          0x080011b3   Thumb Code     8  usbd_conf.o(i.HAL_PCD_ISOINIncompleteCallback)
    HAL_PCD_ISOOUTIncompleteCallback         0x080011bb   Thumb Code     8  usbd_conf.o(i.HAL_PCD_ISOOUTIncompleteCallback)
    HAL_PCD_Init                             0x080011c5   Thumb Code   190  stm32f4xx_hal_pcd.o(i.HAL_PCD_Init)
    HAL_PCD_MspInit                          0x08001285   Thumb Code    92  usbd_conf.o(i.HAL_PCD_MspInit)
    HAL_PCD_ResetCallback                    0x080012e9   Thumb Code    32  usbd_conf.o(i.HAL_PCD_ResetCallback)
    HAL_PCD_ResumeCallback                   0x08001309   Thumb Code     8  usbd_conf.o(i.HAL_PCD_ResumeCallback)
    HAL_PCD_SOFCallback                      0x08001311   Thumb Code     8  usbd_conf.o(i.HAL_PCD_SOFCallback)
    HAL_PCD_SetAddress                       0x08001319   Thumb Code    36  stm32f4xx_hal_pcd.o(i.HAL_PCD_SetAddress)
    HAL_PCD_SetupStageCallback               0x0800133d   Thumb Code    14  usbd_conf.o(i.HAL_PCD_SetupStageCallback)
    HAL_PCD_Start                            0x0800134b   Thumb Code    42  stm32f4xx_hal_pcd.o(i.HAL_PCD_Start)
    HAL_PCD_SuspendCallback                  0x08001375   Thumb Code    44  usbd_conf.o(i.HAL_PCD_SuspendCallback)
    HAL_RCC_ClockConfig                      0x080013a5   Thumb Code   312  stm32f4xx_hal_rcc.o(i.HAL_RCC_ClockConfig)
    HAL_RCC_GetHCLKFreq                      0x080014e5   Thumb Code    38  stm32f4xx_hal_rcc.o(i.HAL_RCC_GetHCLKFreq)
    HAL_RCC_GetPCLK1Freq                     0x08001519   Thumb Code    36  stm32f4xx_hal_rcc.o(i.HAL_RCC_GetPCLK1Freq)
    HAL_RCC_GetPCLK2Freq                     0x08001545   Thumb Code    36  stm32f4xx_hal_rcc.o(i.HAL_RCC_GetPCLK2Freq)
    HAL_RCC_GetSysClockFreq                  0x08001571   Thumb Code   104  stm32f4xx_hal_rcc.o(i.HAL_RCC_GetSysClockFreq)
    HAL_RCC_OscConfig                        0x080015e5   Thumb Code   722  stm32f4xx_hal_rcc.o(i.HAL_RCC_OscConfig)
    HAL_SD_GetStatus                         0x080018c9   Thumb Code    78  stm32f4xx_hal_sd.o(i.HAL_SD_GetStatus)
    HAL_SD_Get_CardInfo                      0x08001917   Thumb Code   692  stm32f4xx_hal_sd.o(i.HAL_SD_Get_CardInfo)
    HAL_SD_Init                              0x08001bcb   Thumb Code   160  stm32f4xx_hal_sd.o(i.HAL_SD_Init)
    HAL_SD_MspInit                           0x08001c6d   Thumb Code    84  stm32f4xx_hal_msp.o(i.HAL_SD_MspInit)
    HAL_SD_ReadBlocks                        0x08001cd1   Thumb Code   380  stm32f4xx_hal_sd.o(i.HAL_SD_ReadBlocks)
    HAL_SD_StopTransfer                      0x08001e4d   Thumb Code    44  stm32f4xx_hal_sd.o(i.HAL_SD_StopTransfer)
    HAL_SD_WideBusOperation_Config           0x08001e79   Thumb Code    94  stm32f4xx_hal_sd.o(i.HAL_SD_WideBusOperation_Config)
    HAL_SD_WriteBlocks                       0x08001ed9   Thumb Code   472  stm32f4xx_hal_sd.o(i.HAL_SD_WriteBlocks)
    HAL_SYSTICK_CLKSourceConfig              0x080020b1   Thumb Code    24  stm32f4xx_hal_cortex.o(i.HAL_SYSTICK_CLKSourceConfig)
    HAL_SYSTICK_Config                       0x080020c9   Thumb Code    40  stm32f4xx_hal_cortex.o(i.HAL_SYSTICK_Config)
    HAL_TIMEx_MasterConfigSynchronization    0x080020f1   Thumb Code    80  stm32f4xx_hal_tim_ex.o(i.HAL_TIMEx_MasterConfigSynchronization)
    HAL_TIM_MspPostInit                      0x08002141   Thumb Code    56  stm32f4xx_hal_msp.o(i.HAL_TIM_MspPostInit)
    HAL_TIM_OC_ConfigChannel                 0x08002185   Thumb Code    86  stm32f4xx_hal_tim.o(i.HAL_TIM_OC_ConfigChannel)
    HAL_TIM_OC_Init                          0x080021db   Thumb Code    54  stm32f4xx_hal_tim.o(i.HAL_TIM_OC_Init)
    HAL_TIM_OC_MspInit                       0x08002211   Thumb Code    30  stm32f4xx_hal_msp.o(i.HAL_TIM_OC_MspInit)
    HAL_UART_Init                            0x08002239   Thumb Code    98  stm32f4xx_hal_uart.o(i.HAL_UART_Init)
    HAL_UART_MspInit                         0x0800229d   Thumb Code    62  stm32f4xx_hal_msp.o(i.HAL_UART_MspInit)
    MX_FATFS_Init                            0x080022e9   Thumb Code    18  fatfs.o(i.MX_FATFS_Init)
    MX_USB_DEVICE_Init                       0x08002305   Thumb Code    38  usb_device.o(i.MX_USB_DEVICE_Init)
    OTG_FS_IRQHandler                        0x0800235d   Thumb Code     6  stm32f4xx_it.o(i.OTG_FS_IRQHandler)
    SDIO_DataConfig                          0x080023f1   Thumb Code    36  stm32f4xx_ll_sdmmc.o(i.SDIO_DataConfig)
    SDIO_GetCommandResponse                  0x08002415   Thumb Code     6  stm32f4xx_ll_sdmmc.o(i.SDIO_GetCommandResponse)
    SDIO_GetPowerState                       0x0800241b   Thumb Code     8  stm32f4xx_ll_sdmmc.o(i.SDIO_GetPowerState)
    SDIO_GetResponse                         0x08002425   Thumb Code    12  stm32f4xx_ll_sdmmc.o(i.SDIO_GetResponse)
    SDIO_Init                                0x08002435   Thumb Code    36  stm32f4xx_ll_sdmmc.o(i.SDIO_Init)
    SDIO_PowerState_ON                       0x08002459   Thumb Code     8  stm32f4xx_ll_sdmmc.o(i.SDIO_PowerState_ON)
    SDIO_ReadFIFO                            0x08002461   Thumb Code     6  stm32f4xx_ll_sdmmc.o(i.SDIO_ReadFIFO)
    SDIO_SendCommand                         0x08002467   Thumb Code    32  stm32f4xx_ll_sdmmc.o(i.SDIO_SendCommand)
    SDIO_WriteFIFO                           0x08002487   Thumb Code    10  stm32f4xx_ll_sdmmc.o(i.SDIO_WriteFIFO)
    SD_initialize                            0x08002bdd   Thumb Code    26  sd_diskio.o(i.SD_initialize)
    SD_ioctl                                 0x08002bfd   Thumb Code    74  sd_diskio.o(i.SD_ioctl)
    SD_read                                  0x08002c4d   Thumb Code    30  sd_diskio.o(i.SD_read)
    SD_status                                0x08002c6d   Thumb Code    26  sd_diskio.o(i.SD_status)
    SD_write                                 0x08002c8d   Thumb Code    30  sd_diskio.o(i.SD_write)
    SysTick_Handler                          0x08002cab   Thumb Code    14  stm32f4xx_it.o(i.SysTick_Handler)
    SystemInit                               0x08002cb9   Thumb Code    66  system_stm32f4xx.o(i.SystemInit)
    TIM_Base_SetConfig                       0x08002d0d   Thumb Code   148  stm32f4xx_hal_tim.o(i.TIM_Base_SetConfig)
    TIM_OC2_SetConfig                        0x08002e25   Thumb Code    90  stm32f4xx_hal_tim.o(i.TIM_OC2_SetConfig)
    USBD_CDC_GetDeviceQualifierDescriptor    0x08003289   Thumb Code     8  usbd_cdc.o(i.USBD_CDC_GetDeviceQualifierDescriptor)
    USBD_CDC_ReceivePacket                   0x08003341   Thumb Code    40  usbd_cdc.o(i.USBD_CDC_ReceivePacket)
    USBD_CDC_RegisterInterface               0x08003369   Thumb Code    16  usbd_cdc.o(i.USBD_CDC_RegisterInterface)
    USBD_CDC_SetRxBuffer                     0x08003379   Thumb Code    12  usbd_cdc.o(i.USBD_CDC_SetRxBuffer)
    USBD_CDC_SetTxBuffer                     0x08003385   Thumb Code    16  usbd_cdc.o(i.USBD_CDC_SetTxBuffer)
    USBD_ClrClassConfig                      0x08003405   Thumb Code    14  usbd_core.o(i.USBD_ClrClassConfig)
    USBD_CtlContinueRx                       0x08003413   Thumb Code    16  usbd_ioreq.o(i.USBD_CtlContinueRx)
    USBD_CtlContinueSendData                 0x08003423   Thumb Code    16  usbd_ioreq.o(i.USBD_CtlContinueSendData)
    USBD_CtlError                            0x08003433   Thumb Code    22  usbd_ctlreq.o(i.USBD_CtlError)
    USBD_CtlPrepareRx                        0x08003449   Thumb Code    30  usbd_ioreq.o(i.USBD_CtlPrepareRx)
    USBD_CtlReceiveStatus                    0x08003467   Thumb Code    22  usbd_ioreq.o(i.USBD_CtlReceiveStatus)
    USBD_CtlSendData                         0x0800347d   Thumb Code    26  usbd_ioreq.o(i.USBD_CtlSendData)
    USBD_CtlSendStatus                       0x08003497   Thumb Code    22  usbd_ioreq.o(i.USBD_CtlSendStatus)
    USBD_FS_ConfigStrDescriptor              0x080034ad   Thumb Code    16  usbd_desc.o(i.USBD_FS_ConfigStrDescriptor)
    USBD_FS_DeviceDescriptor                 0x080034cd   Thumb Code     8  usbd_desc.o(i.USBD_FS_DeviceDescriptor)
    USBD_FS_InterfaceStrDescriptor           0x080034d9   Thumb Code    16  usbd_desc.o(i.USBD_FS_InterfaceStrDescriptor)
    USBD_FS_LangIDStrDescriptor              0x080034fd   Thumb Code     8  usbd_desc.o(i.USBD_FS_LangIDStrDescriptor)
    USBD_FS_ManufacturerStrDescriptor        0x08003509   Thumb Code    16  usbd_desc.o(i.USBD_FS_ManufacturerStrDescriptor)
    USBD_FS_ProductStrDescriptor             0x08003531   Thumb Code    16  usbd_desc.o(i.USBD_FS_ProductStrDescriptor)
    USBD_FS_SerialStrDescriptor              0x0800355d   Thumb Code    16  usbd_desc.o(i.USBD_FS_SerialStrDescriptor)
    USBD_GetString                           0x08003661   Thumb Code    70  usbd_ctlreq.o(i.USBD_GetString)
    USBD_Init                                0x080036a7   Thumb Code    42  usbd_core.o(i.USBD_Init)
    USBD_LL_ClearStallEP                     0x080036d1   Thumb Code    14  usbd_conf.o(i.USBD_LL_ClearStallEP)
    USBD_LL_CloseEP                          0x080036df   Thumb Code    14  usbd_conf.o(i.USBD_LL_CloseEP)
    USBD_LL_DataInStage                      0x080036ed   Thumb Code   170  usbd_core.o(i.USBD_LL_DataInStage)
    USBD_LL_DataOutStage                     0x08003797   Thumb Code   106  usbd_core.o(i.USBD_LL_DataOutStage)
    USBD_LL_DevConnected                     0x08003801   Thumb Code     4  usbd_core.o(i.USBD_LL_DevConnected)
    USBD_LL_DevDisconnected                  0x08003805   Thumb Code    22  usbd_core.o(i.USBD_LL_DevDisconnected)
    USBD_LL_GetRxDataSize                    0x0800381b   Thumb Code     8  usbd_conf.o(i.USBD_LL_GetRxDataSize)
    USBD_LL_Init                             0x08003825   Thumb Code    88  usbd_conf.o(i.USBD_LL_Init)
    USBD_LL_IsStallEP                        0x08003881   Thumb Code    32  usbd_conf.o(i.USBD_LL_IsStallEP)
    USBD_LL_IsoINIncomplete                  0x080038a1   Thumb Code     4  usbd_core.o(i.USBD_LL_IsoINIncomplete)
    USBD_LL_IsoOUTIncomplete                 0x080038a5   Thumb Code     4  usbd_core.o(i.USBD_LL_IsoOUTIncomplete)
    USBD_LL_OpenEP                           0x080038a9   Thumb Code    20  usbd_conf.o(i.USBD_LL_OpenEP)
    USBD_LL_PrepareReceive                   0x080038bd   Thumb Code    14  usbd_conf.o(i.USBD_LL_PrepareReceive)
    USBD_LL_Reset                            0x080038cb   Thumb Code    62  usbd_core.o(i.USBD_LL_Reset)
    USBD_LL_Resume                           0x08003909   Thumb Code    12  usbd_core.o(i.USBD_LL_Resume)
    USBD_LL_SOF                              0x08003915   Thumb Code    24  usbd_core.o(i.USBD_LL_SOF)
    USBD_LL_SetSpeed                         0x0800392d   Thumb Code     6  usbd_core.o(i.USBD_LL_SetSpeed)
    USBD_LL_SetUSBAddress                    0x08003933   Thumb Code    14  usbd_conf.o(i.USBD_LL_SetUSBAddress)
    USBD_LL_SetupStage                       0x08003941   Thumb Code    90  usbd_core.o(i.USBD_LL_SetupStage)
    USBD_LL_StallEP                          0x0800399b   Thumb Code    14  usbd_conf.o(i.USBD_LL_StallEP)
    USBD_LL_Start                            0x080039a9   Thumb Code    14  usbd_conf.o(i.USBD_LL_Start)
    USBD_LL_Suspend                          0x080039b7   Thumb Code    18  usbd_core.o(i.USBD_LL_Suspend)
    USBD_LL_Transmit                         0x080039c9   Thumb Code    14  usbd_conf.o(i.USBD_LL_Transmit)
    USBD_ParseSetupRequest                   0x080039d7   Thumb Code    40  usbd_ctlreq.o(i.USBD_ParseSetupRequest)
    USBD_RegisterClass                       0x080039ff   Thumb Code    16  usbd_core.o(i.USBD_RegisterClass)
    USBD_SetClassConfig                      0x08003a0f   Thumb Code    22  usbd_core.o(i.USBD_SetClassConfig)
    USBD_Start                               0x08003a99   Thumb Code    10  usbd_core.o(i.USBD_Start)
    USBD_StdDevReq                           0x08003aa3   Thumb Code   242  usbd_ctlreq.o(i.USBD_StdDevReq)
    USBD_StdEPReq                            0x08003b95   Thumb Code   220  usbd_ctlreq.o(i.USBD_StdEPReq)
    USBD_StdItfReq                           0x08003c71   Thumb Code    52  usbd_ctlreq.o(i.USBD_StdItfReq)
    USB_ActivateEndpoint                     0x08003ca5   Thumb Code   122  stm32f4xx_ll_usb.o(i.USB_ActivateEndpoint)
    USB_ActivateSetup                        0x08003d25   Thumb Code    52  stm32f4xx_ll_usb.o(i.USB_ActivateSetup)
    USB_CoreInit                             0x08003d59   Thumb Code   104  stm32f4xx_ll_usb.o(i.USB_CoreInit)
    USB_DeactivateEndpoint                   0x08003dfd   Thumb Code   110  stm32f4xx_ll_usb.o(i.USB_DeactivateEndpoint)
    USB_DevConnect                           0x08003e6b   Thumb Code    24  stm32f4xx_ll_usb.o(i.USB_DevConnect)
    USB_DevDisconnect                        0x08003e83   Thumb Code    24  stm32f4xx_ll_usb.o(i.USB_DevDisconnect)
    USB_DevInit                              0x08003e9d   Thumb Code   306  stm32f4xx_ll_usb.o(i.USB_DevInit)
    USB_DisableGlobalInt                     0x08003fe1   Thumb Code    12  stm32f4xx_ll_usb.o(i.USB_DisableGlobalInt)
    USB_EP0StartXfer                         0x08003fed   Thumb Code   316  stm32f4xx_ll_usb.o(i.USB_EP0StartXfer)
    USB_EP0_OutStart                         0x0800412d   Thumb Code    62  stm32f4xx_ll_usb.o(i.USB_EP0_OutStart)
    USB_EPClearStall                         0x0800416b   Thumb Code   100  stm32f4xx_ll_usb.o(i.USB_EPClearStall)
    USB_EPSetStall                           0x080041cf   Thumb Code    94  stm32f4xx_ll_usb.o(i.USB_EPSetStall)
    USB_EPStartXfer                          0x0800422d   Thumb Code   534  stm32f4xx_ll_usb.o(i.USB_EPStartXfer)
    USB_EnableGlobalInt                      0x08004449   Thumb Code    12  stm32f4xx_ll_usb.o(i.USB_EnableGlobalInt)
    USB_FlushRxFifo                          0x08004455   Thumb Code    28  stm32f4xx_ll_usb.o(i.USB_FlushRxFifo)
    USB_FlushTxFifo                          0x08004475   Thumb Code    32  stm32f4xx_ll_usb.o(i.USB_FlushTxFifo)
    USB_GetDevSpeed                          0x08004499   Thumb Code    60  stm32f4xx_ll_usb.o(i.USB_GetDevSpeed)
    USB_GetMode                              0x080044d5   Thumb Code     8  stm32f4xx_ll_usb.o(i.USB_GetMode)
    USB_ReadDevAllInEpInterrupt              0x080044dd   Thumb Code    14  stm32f4xx_ll_usb.o(i.USB_ReadDevAllInEpInterrupt)
    USB_ReadDevAllOutEpInterrupt             0x080044eb   Thumb Code    14  stm32f4xx_ll_usb.o(i.USB_ReadDevAllOutEpInterrupt)
    USB_ReadDevInEPInterrupt                 0x080044f9   Thumb Code    30  stm32f4xx_ll_usb.o(i.USB_ReadDevInEPInterrupt)
    USB_ReadDevOutEPInterrupt                0x08004517   Thumb Code    16  stm32f4xx_ll_usb.o(i.USB_ReadDevOutEPInterrupt)
    USB_ReadInterrupts                       0x08004527   Thumb Code     8  stm32f4xx_ll_usb.o(i.USB_ReadInterrupts)
    USB_ReadPacket                           0x0800452f   Thumb Code    30  stm32f4xx_ll_usb.o(i.USB_ReadPacket)
    USB_SetCurrentMode                       0x0800454d   Thumb Code    44  stm32f4xx_ll_usb.o(i.USB_SetCurrentMode)
    USB_SetDevAddress                        0x08004579   Thumb Code    34  stm32f4xx_ll_usb.o(i.USB_SetDevAddress)
    USB_WritePacket                          0x0800459b   Thumb Code    36  stm32f4xx_ll_usb.o(i.USB_WritePacket)
    temperatureTsk(const void*)              0x080046ad   Thumb Code     8  main.o(i._Z14temperatureTskPKv)
    StartDefaultTask(const void*)            0x080046b5   Thumb Code    16  main.o(i._Z16StartDefaultTaskPKv)
    SystemClock_Config()                     0x080046c5   Thumb Code   140  main.o(i._Z18SystemClock_Configv)
    __scatterload_copy                       0x08004759   Thumb Code    14  handlers.o(i.__scatterload_copy)
    __scatterload_null                       0x08004767   Thumb Code     2  handlers.o(i.__scatterload_null)
    __scatterload_zeroinit                   0x08004769   Thumb Code    14  handlers.o(i.__scatterload_zeroinit)
    free                                     0x08004779   Thumb Code    76  malloc.o(i.free)
    main                                     0x080047c9   Thumb Code   166  main.o(i.main)
    malloc                                   0x08004895   Thumb Code    92  malloc.o(i.malloc)
    osDelay                                  0x08004901   Thumb Code    14  cmsis_os.o(i.osDelay)
    osKernelStart                            0x0800490f   Thumb Code    10  cmsis_os.o(i.osKernelStart)
    osSystickHandler                         0x08004919   Thumb Code    20  cmsis_os.o(i.osSystickHandler)
    osThreadCreate                           0x0800492d   Thumb Code    56  cmsis_os.o(i.osThreadCreate)
    pvPortMalloc                             0x08004af5   Thumb Code   210  heap_4.o(i.pvPortMalloc)
    pxPortInitialiseStack                    0x08004bcd   Thumb Code    36  port.o(i.pxPortInitialiseStack)
    uxListRemove                             0x08004bf5   Thumb Code    36  list.o(i.uxListRemove)
    vListInitialise                          0x08004c19   Thumb Code    22  list.o(i.vListInitialise)
    vListInitialiseItem                      0x08004c2f   Thumb Code     6  list.o(i.vListInitialiseItem)
    vListInsert                              0x08004c35   Thumb Code    48  list.o(i.vListInsert)
    vListInsertEnd                           0x08004c65   Thumb Code    24  list.o(i.vListInsertEnd)
    vPortEnterCritical                       0x08004c7d   Thumb Code    54  port.o(i.vPortEnterCritical)
    vPortExitCritical                        0x08004cbd   Thumb Code    34  port.o(i.vPortExitCritical)
    vPortFree                                0x08004ce5   Thumb Code    88  heap_4.o(i.vPortFree)
    vPortSetupTimerInterrupt                 0x08004d41   Thumb Code    26  port.o(i.vPortSetupTimerInterrupt)
    vTaskDelay                               0x08004d61   Thumb Code    94  tasks.o(i.vTaskDelay)
    vTaskStartScheduler                      0x08004dc9   Thumb Code    80  tasks.o(i.vTaskStartScheduler)
    vTaskSuspendAll                          0x08004e29   Thumb Code    10  tasks.o(i.vTaskSuspendAll)
    vTaskSwitchContext                       0x08004e39   Thumb Code    82  tasks.o(i.vTaskSwitchContext)
    xPortStartScheduler                      0x08004e95   Thumb Code   202  port.o(i.xPortStartScheduler)
    xPortSysTickHandler                      0x08004f75   Thumb Code    38  port.o(i.xPortSysTickHandler)
    xTaskGenericCreate                       0x08004fa1   Thumb Code   430  tasks.o(i.xTaskGenericCreate)
    xTaskGetSchedulerState                   0x0800515d   Thumb Code    22  tasks.o(i.xTaskGetSchedulerState)
    xTaskIncrementTick                       0x08005179   Thumb Code   194  tasks.o(i.xTaskIncrementTick)
    xTaskResumeAll                           0x08005245   Thumb Code   182  tasks.o(i.xTaskResumeAll)
    SD_Driver                                0x08005308   Data          20  sd_diskio.o(.constdata)
    APBAHBPrescTable                         0x08005344   Data          16  stm32f4xx_hal_rcc.o(.constdata)
    Region$$Table$$Base                      0x0800536c   Number         0  anon$$obj.o(Region$$Table)
    Region$$Table$$Limit                     0x0800538c   Number         0  anon$$obj.o(Region$$Table)
    SystemCoreClock                          0x20000000   Data           4  system_stm32f4xx.o(.data)
    pxCurrentTCB                             0x20000010   Data           4  tasks.o(.data)
    retSD                                    0x20000061   Data           1  fatfs.o(.data)
    SD_Path                                  0x20000062   Data           4  fatfs.o(.data)
    USBD_Interface_fops_FS                   0x20000068   Data          16  usbd_cdc_if.o(.data)
    UserRxBufferFS                           0x20000078   Data           4  usbd_cdc_if.o(.data)
    UserTxBufferFS                           0x2000007c   Data           4  usbd_cdc_if.o(.data)
    hUsbDevice_0                             0x20000080   Data           4  usbd_cdc_if.o(.data)
    FS_Desc                                  0x20000084   Data          28  usbd_desc.o(.data)
    USBD_LangIDDesc                          0x200000a0   Data           4  usbd_desc.o(.data)
    USBD_FS_DeviceDesc                       0x200000a4   Data          18  usbd_desc.o(.data)
    defaultTaskHandle                        0x200000b8   Data           4  main.o(.data)
    temperatureHandle                        0x200000bc   Data           4  main.o(.data)
    uwTick                                   0x200000c0   Data           4  stm32f4xx_hal.o(.data)
    USBD_CDC_CfgHSDesc                       0x200000d8   Data          67  usbd_cdc.o(.data)
    USBD_CDC_CfgFSDesc                       0x2000011c   Data          67  usbd_cdc.o(.data)
    USBD_CDC_OtherSpeedCfgDesc               0x20000160   Data          67  usbd_cdc.o(.data)
    USBD_CDC                                 0x200001a4   Data          56  usbd_cdc.o(.data)
    __microlib_freelist                      0x200001dc   Data           4  mvars.o(.data)
    __microlib_freelist_initialised          0x200001e0   Data           4  mvars.o(.data)
    disk                                     0x20003ed4   Data          12  ff_gen_drv.o(.bss)
    hpcd_USB_OTG_FS                          0x20003ee0   Data         952  usbd_conf.o(.bss)
    hUsbDeviceFS                             0x20004298   Data         548  usb_device.o(.bss)
    USBD_StrDesc                             0x200044bc   Data         512  usbd_desc.o(.bss)
    hadc1                                    0x200046bc   Data          72  main.o(.bss)
    hdac                                     0x20004704   Data          20  main.o(.bss)
    hsd                                      0x20004718   Data          96  main.o(.bss)
    htim3                                    0x20004778   Data          60  main.o(.bss)
    huart2                                   0x200047b4   Data          64  main.o(.bss)
    SDCardInfo                               0x200047f8   Data          88  main.o(.bss)
    __heap_base                              0x20004850   Data           0  startup_stm32f407xx.o(HEAP)
    __heap_limit                             0x20004c50   Data           0  startup_stm32f407xx.o(HEAP)
    __initial_sp                             0x20004e50   Data           0  startup_stm32f407xx.o(STACK)



==============================================================================

Memory Map of the image

  Image Entry point : 0x08000189

  Load Region LR_IROM1 (Base: 0x08000000, Size: 0x00005570, Max: 0x00080000, ABSOLUTE, COMPRESSED[0x00005454])

    Execution Region ER_IROM1 (Base: 0x08000000, Size: 0x0000538c, Max: 0x00080000, ABSOLUTE)

    Base Addr    Size         Type   Attr      Idx    E Section Name        Object

    0x08000000   0x00000188   Data   RO         2815    RESET               startup_stm32f407xx.o
    0x08000188   0x00000000   Code   RO         7572  * .ARM.Collect$$$$00000000  mc_w.l(entry.o)
    0x08000188   0x00000004   Code   RO         7645    .ARM.Collect$$$$00000001  mc_w.l(entry2.o)
    0x0800018c   0x00000004   Code   RO         7648    .ARM.Collect$$$$00000004  mc_w.l(entry5.o)
    0x08000190   0x00000000   Code   RO         7650    .ARM.Collect$$$$00000008  mc_w.l(entry7b.o)
    0x08000190   0x00000000   Code   RO         7652    .ARM.Collect$$$$0000000A  mc_w.l(entry8b.o)
    0x08000190   0x00000008   Code   RO         7653    .ARM.Collect$$$$0000000B  mc_w.l(entry9a.o)
    0x08000198   0x00000000   Code   RO         7655    .ARM.Collect$$$$0000000D  mc_w.l(entry10a.o)
    0x08000198   0x00000000   Code   RO         7657    .ARM.Collect$$$$0000000F  mc_w.l(entry11a.o)
    0x08000198   0x00000004   Code   RO         7646    .ARM.Collect$$$$00002712  mc_w.l(entry2.o)
    0x0800019c   0x000000ba   Code   RO          268    .emb_text           port.o
    0x08000256   0x00000002   PAD
    0x08000258   0x00000024   Code   RO         2816    .text               startup_stm32f407xx.o
    0x0800027c   0x00000024   Code   RO         7575    .text               mc_w.l(memcpya.o)
    0x080002a0   0x00000024   Code   RO         7577    .text               mc_w.l(memseta.o)
    0x080002c4   0x00000024   Code   RO         7692    .text               mc_w.l(init.o)
    0x080002e8   0x00000056   Code   RO         7757    .text               mc_w.l(__dczerorl2.o)
    0x0800033e   0x00000002   PAD
    0x08000340   0x00000134   Code   RO         6123    i.ADC_Init          stm32f4xx_hal_adc.o
    0x08000474   0x0000000c   Code   RO         1860    i.BSP_SD_GetCardInfo  bsp_driver_sd.o
    0x08000480   0x0000000c   Code   RO         1861    i.BSP_SD_GetStatus  bsp_driver_sd.o
    0x0800048c   0x0000003c   Code   RO         1864    i.BSP_SD_Init       bsp_driver_sd.o
    0x080004c8   0x00000020   Code   RO         1866    i.BSP_SD_ReadBlocks  bsp_driver_sd.o
    0x080004e8   0x00000020   Code   RO         1868    i.BSP_SD_WriteBlocks  bsp_driver_sd.o
    0x08000508   0x00000004   Code   RO         2014    i.CDC_Control_FS    usbd_cdc_if.o
    0x0800050c   0x00000004   Code   RO         2015    i.CDC_DeInit_FS     usbd_cdc_if.o
    0x08000510   0x00000024   Code   RO         2016    i.CDC_Init_FS       usbd_cdc_if.o
    0x08000534   0x0000001c   Code   RO         2017    i.CDC_Receive_FS    usbd_cdc_if.o
    0x08000550   0x00000006   Code   RO         1684    i.FATFS_LinkDriver  ff_gen_drv.o
    0x08000556   0x00000002   PAD
    0x08000558   0x00000040   Code   RO         1685    i.FATFS_LinkDriverEx  ff_gen_drv.o
    0x08000598   0x00000150   Code   RO         6125    i.HAL_ADC_ConfigChannel  stm32f4xx_hal_adc.o
    0x080006e8   0x00000054   Code   RO         6134    i.HAL_ADC_Init      stm32f4xx_hal_adc.o
    0x0800073c   0x00000058   Code   RO         2289    i.HAL_ADC_MspInit   stm32f4xx_hal_msp.o
    0x08000794   0x00000042   Code   RO         5890    i.HAL_DAC_ConfigChannel  stm32f4xx_hal_dac.o
    0x080007d6   0x00000028   Code   RO         5900    i.HAL_DAC_Init      stm32f4xx_hal_dac.o
    0x080007fe   0x00000002   PAD
    0x08000800   0x00000044   Code   RO         2291    i.HAL_DAC_MspInit   stm32f4xx_hal_msp.o
    0x08000844   0x00000016   Code   RO         4808    i.HAL_Delay         stm32f4xx_hal.o
    0x0800085a   0x00000002   PAD
    0x0800085c   0x000001c0   Code   RO         4507    i.HAL_GPIO_Init     stm32f4xx_hal_gpio.o
    0x08000a1c   0x0000000c   Code   RO         4814    i.HAL_GetTick       stm32f4xx_hal.o
    0x08000a28   0x00000010   Code   RO         4815    i.HAL_IncTick       stm32f4xx_hal.o
    0x08000a38   0x00000034   Code   RO         4816    i.HAL_Init          stm32f4xx_hal.o
    0x08000a6c   0x00000022   Code   RO         4817    i.HAL_InitTick      stm32f4xx_hal.o
    0x08000a8e   0x00000016   Code   RO         2292    i.HAL_MspInit       stm32f4xx_hal_msp.o
    0x08000aa4   0x00000016   Code   RO         4577    i.HAL_NVIC_EnableIRQ  stm32f4xx_hal_cortex.o
    0x08000aba   0x00000002   PAD
    0x08000abc   0x00000040   Code   RO         4583    i.HAL_NVIC_SetPriority  stm32f4xx_hal_cortex.o
    0x08000afc   0x00000024   Code   RO         4584    i.HAL_NVIC_SetPriorityGrouping  stm32f4xx_hal_cortex.o
    0x08000b20   0x00000008   Code   RO         5399    i.HAL_PCDEx_SetRxFiFo  stm32f4xx_hal_pcd_ex.o
    0x08000b28   0x00000044   Code   RO         5400    i.HAL_PCDEx_SetTxFiFo  stm32f4xx_hal_pcd_ex.o
    0x08000b6c   0x00000008   Code   RO         2095    i.HAL_PCD_ConnectCallback  usbd_conf.o
    0x08000b74   0x00000012   Code   RO         2096    i.HAL_PCD_DataInStageCallback  usbd_conf.o
    0x08000b86   0x00000014   Code   RO         2097    i.HAL_PCD_DataOutStageCallback  usbd_conf.o
    0x08000b9a   0x00000008   Code   RO         2098    i.HAL_PCD_DisconnectCallback  usbd_conf.o
    0x08000ba2   0x00000044   Code   RO         5025    i.HAL_PCD_EP_Close  stm32f4xx_hal_pcd.o
    0x08000be6   0x00000050   Code   RO         5026    i.HAL_PCD_EP_ClrStall  stm32f4xx_hal_pcd.o
    0x08000c36   0x00000014   Code   RO         5028    i.HAL_PCD_EP_GetRxCount  stm32f4xx_hal_pcd.o
    0x08000c4a   0x00000054   Code   RO         5029    i.HAL_PCD_EP_Open   stm32f4xx_hal_pcd.o
    0x08000c9e   0x00000002   PAD
    0x08000ca0   0x0000005e   Code   RO         5030    i.HAL_PCD_EP_Receive  stm32f4xx_hal_pcd.o
    0x08000cfe   0x00000060   Code   RO         5031    i.HAL_PCD_EP_SetStall  stm32f4xx_hal_pcd.o
    0x08000d5e   0x00000056   Code   RO         5032    i.HAL_PCD_EP_Transmit  stm32f4xx_hal_pcd.o
    0x08000db4   0x000003fe   Code   RO         5034    i.HAL_PCD_IRQHandler  stm32f4xx_hal_pcd.o
    0x080011b2   0x00000008   Code   RO         2099    i.HAL_PCD_ISOINIncompleteCallback  usbd_conf.o
    0x080011ba   0x00000008   Code   RO         2100    i.HAL_PCD_ISOOUTIncompleteCallback  usbd_conf.o
    0x080011c2   0x00000002   PAD
    0x080011c4   0x000000be   Code   RO         5037    i.HAL_PCD_Init      stm32f4xx_hal_pcd.o
    0x08001282   0x00000002   PAD
    0x08001284   0x00000064   Code   RO         2102    i.HAL_PCD_MspInit   usbd_conf.o
    0x080012e8   0x00000020   Code   RO         2103    i.HAL_PCD_ResetCallback  usbd_conf.o
    0x08001308   0x00000008   Code   RO         2104    i.HAL_PCD_ResumeCallback  usbd_conf.o
    0x08001310   0x00000008   Code   RO         2105    i.HAL_PCD_SOFCallback  usbd_conf.o
    0x08001318   0x00000024   Code   RO         5043    i.HAL_PCD_SetAddress  stm32f4xx_hal_pcd.o
    0x0800133c   0x0000000e   Code   RO         2106    i.HAL_PCD_SetupStageCallback  usbd_conf.o
    0x0800134a   0x0000002a   Code   RO         5045    i.HAL_PCD_Start     stm32f4xx_hal_pcd.o
    0x08001374   0x00000030   Code   RO         2107    i.HAL_PCD_SuspendCallback  usbd_conf.o
    0x080013a4   0x00000140   Code   RO         5779    i.HAL_RCC_ClockConfig  stm32f4xx_hal_rcc.o
    0x080014e4   0x00000034   Code   RO         5784    i.HAL_RCC_GetHCLKFreq  stm32f4xx_hal_rcc.o
    0x08001518   0x0000002c   Code   RO         5786    i.HAL_RCC_GetPCLK1Freq  stm32f4xx_hal_rcc.o
    0x08001544   0x0000002c   Code   RO         5787    i.HAL_RCC_GetPCLK2Freq  stm32f4xx_hal_rcc.o
    0x08001570   0x00000074   Code   RO         5788    i.HAL_RCC_GetSysClockFreq  stm32f4xx_hal_rcc.o
    0x080015e4   0x000002e4   Code   RO         5791    i.HAL_RCC_OscConfig  stm32f4xx_hal_rcc.o
    0x080018c8   0x0000004e   Code   RO         4028    i.HAL_SD_GetStatus  stm32f4xx_hal_sd.o
    0x08001916   0x000002b4   Code   RO         4029    i.HAL_SD_Get_CardInfo  stm32f4xx_hal_sd.o
    0x08001bca   0x000000a0   Code   RO         4032    i.HAL_SD_Init       stm32f4xx_hal_sd.o
    0x08001c6a   0x00000002   PAD
    0x08001c6c   0x00000064   Code   RO         2294    i.HAL_SD_MspInit    stm32f4xx_hal_msp.o
    0x08001cd0   0x0000017c   Code   RO         4035    i.HAL_SD_ReadBlocks  stm32f4xx_hal_sd.o
    0x08001e4c   0x0000002c   Code   RO         4038    i.HAL_SD_StopTransfer  stm32f4xx_hal_sd.o
    0x08001e78   0x0000005e   Code   RO         4039    i.HAL_SD_WideBusOperation_Config  stm32f4xx_hal_sd.o
    0x08001ed6   0x00000002   PAD
    0x08001ed8   0x000001d8   Code   RO         4040    i.HAL_SD_WriteBlocks  stm32f4xx_hal_sd.o
    0x080020b0   0x00000018   Code   RO         4586    i.HAL_SYSTICK_CLKSourceConfig  stm32f4xx_hal_cortex.o
    0x080020c8   0x00000028   Code   RO         4588    i.HAL_SYSTICK_Config  stm32f4xx_hal_cortex.o
    0x080020f0   0x00000050   Code   RO         4278    i.HAL_TIMEx_MasterConfigSynchronization  stm32f4xx_hal_tim_ex.o
    0x08002140   0x00000044   Code   RO         2295    i.HAL_TIM_MspPostInit  stm32f4xx_hal_msp.o
    0x08002184   0x00000056   Code   RO         3362    i.HAL_TIM_OC_ConfigChannel  stm32f4xx_hal_tim.o
    0x080021da   0x00000036   Code   RO         3366    i.HAL_TIM_OC_Init   stm32f4xx_hal_tim.o
    0x08002210   0x00000028   Code   RO         2297    i.HAL_TIM_OC_MspInit  stm32f4xx_hal_msp.o
    0x08002238   0x00000062   Code   RO         2861    i.HAL_UART_Init     stm32f4xx_hal_uart.o
    0x0800229a   0x00000002   PAD
    0x0800229c   0x0000004c   Code   RO         2299    i.HAL_UART_MspInit  stm32f4xx_hal_msp.o
    0x080022e8   0x0000001c   Code   RO         1967    i.MX_FATFS_Init     fatfs.o
    0x08002304   0x00000038   Code   RO         2382    i.MX_USB_DEVICE_Init  usb_device.o
    0x0800233c   0x00000020   Code   RO         4590    i.NVIC_SetPriority  stm32f4xx_hal_cortex.o
    0x0800235c   0x0000000c   Code   RO         2424    i.OTG_FS_IRQHandler  stm32f4xx_it.o
    0x08002368   0x00000088   Code   RO         5048    i.PCD_WriteEmptyTxFifo  stm32f4xx_hal_pcd.o
    0x080023f0   0x00000024   Code   RO         4701    i.SDIO_DataConfig   stm32f4xx_ll_sdmmc.o
    0x08002414   0x00000006   Code   RO         4702    i.SDIO_GetCommandResponse  stm32f4xx_ll_sdmmc.o
    0x0800241a   0x00000008   Code   RO         4705    i.SDIO_GetPowerState  stm32f4xx_ll_sdmmc.o
    0x08002422   0x00000002   PAD
    0x08002424   0x00000010   Code   RO         4706    i.SDIO_GetResponse  stm32f4xx_ll_sdmmc.o
    0x08002434   0x00000024   Code   RO         4707    i.SDIO_Init         stm32f4xx_ll_sdmmc.o
    0x08002458   0x00000008   Code   RO         4709    i.SDIO_PowerState_ON  stm32f4xx_ll_sdmmc.o
    0x08002460   0x00000006   Code   RO         4710    i.SDIO_ReadFIFO     stm32f4xx_ll_sdmmc.o
    0x08002466   0x00000020   Code   RO         4711    i.SDIO_SendCommand  stm32f4xx_ll_sdmmc.o
    0x08002486   0x0000000a   Code   RO         4713    i.SDIO_WriteFIFO    stm32f4xx_ll_sdmmc.o
    0x08002490   0x000000ec   Code   RO         4044    i.SD_CmdResp1Error  stm32f4xx_hal_sd.o
    0x0800257c   0x0000002e   Code   RO         4045    i.SD_CmdResp2Error  stm32f4xx_hal_sd.o
    0x080025aa   0x00000072   Code   RO         4046    i.SD_CmdResp6Error  stm32f4xx_hal_sd.o
    0x0800261c   0x00000040   Code   RO         4047    i.SD_CmdResp7Error  stm32f4xx_hal_sd.o
    0x0800265c   0x0000010a   Code   RO         4052    i.SD_FindSCR        stm32f4xx_hal_sd.o
    0x08002766   0x000000dc   Code   RO         4053    i.SD_Initialize_Cards  stm32f4xx_hal_sd.o
    0x08002842   0x00000002   PAD
    0x08002844   0x0000013c   Code   RO         4054    i.SD_IsCardProgramming  stm32f4xx_hal_sd.o
    0x08002980   0x00000174   Code   RO         4055    i.SD_PowerON        stm32f4xx_hal_sd.o
    0x08002af4   0x00000072   Code   RO         4056    i.SD_WideBus_Disable  stm32f4xx_hal_sd.o
    0x08002b66   0x00000074   Code   RO         4057    i.SD_WideBus_Enable  stm32f4xx_hal_sd.o
    0x08002bda   0x00000002   PAD
    0x08002bdc   0x00000020   Code   RO         1741    i.SD_initialize     sd_diskio.o
    0x08002bfc   0x00000050   Code   RO         1742    i.SD_ioctl          sd_diskio.o
    0x08002c4c   0x0000001e   Code   RO         1743    i.SD_read           sd_diskio.o
    0x08002c6a   0x00000002   PAD
    0x08002c6c   0x00000020   Code   RO         1744    i.SD_status         sd_diskio.o
    0x08002c8c   0x0000001e   Code   RO         1745    i.SD_write          sd_diskio.o
    0x08002caa   0x0000000e   Code   RO         2425    i.SysTick_Handler   stm32f4xx_it.o
    0x08002cb8   0x00000054   Code   RO            5    i.SystemInit        system_stm32f4xx.o
    0x08002d0c   0x000000c0   Code   RO         3403    i.TIM_Base_SetConfig  stm32f4xx_hal_tim.o
    0x08002dcc   0x00000058   Code   RO         3412    i.TIM_OC1_SetConfig  stm32f4xx_hal_tim.o
    0x08002e24   0x00000064   Code   RO         3413    i.TIM_OC2_SetConfig  stm32f4xx_hal_tim.o
    0x08002e88   0x00000060   Code   RO         3414    i.TIM_OC3_SetConfig  stm32f4xx_hal_tim.o
    0x08002ee8   0x00000050   Code   RO         3415    i.TIM_OC4_SetConfig  stm32f4xx_hal_tim.o
    0x08002f38   0x000002ac   Code   RO         2880    i.UART_SetConfig    stm32f4xx_hal_uart.o
    0x080031e4   0x00000014   Code   RO         6678    i.USBD_CDC_DataIn   usbd_cdc.o
    0x080031f8   0x0000002e   Code   RO         6679    i.USBD_CDC_DataOut  usbd_cdc.o
    0x08003226   0x0000003c   Code   RO         6680    i.USBD_CDC_DeInit   usbd_cdc.o
    0x08003262   0x00000024   Code   RO         6681    i.USBD_CDC_EP0_RxReady  usbd_cdc.o
    0x08003286   0x00000002   PAD
    0x08003288   0x0000000c   Code   RO         6682    i.USBD_CDC_GetDeviceQualifierDescriptor  usbd_cdc.o
    0x08003294   0x0000000c   Code   RO         6683    i.USBD_CDC_GetFSCfgDesc  usbd_cdc.o
    0x080032a0   0x0000000c   Code   RO         6684    i.USBD_CDC_GetHSCfgDesc  usbd_cdc.o
    0x080032ac   0x0000000c   Code   RO         6685    i.USBD_CDC_GetOtherSpeedCfgDesc  usbd_cdc.o
    0x080032b8   0x00000088   Code   RO         6686    i.USBD_CDC_Init     usbd_cdc.o
    0x08003340   0x00000028   Code   RO         6687    i.USBD_CDC_ReceivePacket  usbd_cdc.o
    0x08003368   0x00000010   Code   RO         6688    i.USBD_CDC_RegisterInterface  usbd_cdc.o
    0x08003378   0x0000000c   Code   RO         6689    i.USBD_CDC_SetRxBuffer  usbd_cdc.o
    0x08003384   0x00000010   Code   RO         6690    i.USBD_CDC_SetTxBuffer  usbd_cdc.o
    0x08003394   0x00000070   Code   RO         6691    i.USBD_CDC_Setup    usbd_cdc.o
    0x08003404   0x0000000e   Code   RO         6536    i.USBD_ClrClassConfig  usbd_core.o
    0x08003412   0x00000010   Code   RO         6403    i.USBD_CtlContinueRx  usbd_ioreq.o
    0x08003422   0x00000010   Code   RO         6404    i.USBD_CtlContinueSendData  usbd_ioreq.o
    0x08003432   0x00000016   Code   RO         6467    i.USBD_CtlError     usbd_ctlreq.o
    0x08003448   0x0000001e   Code   RO         6405    i.USBD_CtlPrepareRx  usbd_ioreq.o
    0x08003466   0x00000016   Code   RO         6406    i.USBD_CtlReceiveStatus  usbd_ioreq.o
    0x0800347c   0x0000001a   Code   RO         6407    i.USBD_CtlSendData  usbd_ioreq.o
    0x08003496   0x00000016   Code   RO         6408    i.USBD_CtlSendStatus  usbd_ioreq.o
    0x080034ac   0x00000020   Code   RO         2465    i.USBD_FS_ConfigStrDescriptor  usbd_desc.o
    0x080034cc   0x0000000c   Code   RO         2466    i.USBD_FS_DeviceDescriptor  usbd_desc.o
    0x080034d8   0x00000024   Code   RO         2467    i.USBD_FS_InterfaceStrDescriptor  usbd_desc.o
    0x080034fc   0x0000000c   Code   RO         2468    i.USBD_FS_LangIDStrDescriptor  usbd_desc.o
    0x08003508   0x00000028   Code   RO         2469    i.USBD_FS_ManufacturerStrDescriptor  usbd_desc.o
    0x08003530   0x0000002c   Code   RO         2470    i.USBD_FS_ProductStrDescriptor  usbd_desc.o
    0x0800355c   0x00000024   Code   RO         2471    i.USBD_FS_SerialStrDescriptor  usbd_desc.o
    0x08003580   0x000000e0   Code   RO         6468    i.USBD_GetDescriptor  usbd_ctlreq.o
    0x08003660   0x00000046   Code   RO         6469    i.USBD_GetString    usbd_ctlreq.o
    0x080036a6   0x0000002a   Code   RO         6538    i.USBD_Init         usbd_core.o
    0x080036d0   0x0000000e   Code   RO         2108    i.USBD_LL_ClearStallEP  usbd_conf.o
    0x080036de   0x0000000e   Code   RO         2109    i.USBD_LL_CloseEP   usbd_conf.o
    0x080036ec   0x000000aa   Code   RO         6539    i.USBD_LL_DataInStage  usbd_core.o
    0x08003796   0x0000006a   Code   RO         6540    i.USBD_LL_DataOutStage  usbd_core.o
    0x08003800   0x00000004   Code   RO         6541    i.USBD_LL_DevConnected  usbd_core.o
    0x08003804   0x00000016   Code   RO         6542    i.USBD_LL_DevDisconnected  usbd_core.o
    0x0800381a   0x00000008   Code   RO         2113    i.USBD_LL_GetRxDataSize  usbd_conf.o
    0x08003822   0x00000002   PAD
    0x08003824   0x0000005c   Code   RO         2114    i.USBD_LL_Init      usbd_conf.o
    0x08003880   0x00000020   Code   RO         2115    i.USBD_LL_IsStallEP  usbd_conf.o
    0x080038a0   0x00000004   Code   RO         6543    i.USBD_LL_IsoINIncomplete  usbd_core.o
    0x080038a4   0x00000004   Code   RO         6544    i.USBD_LL_IsoOUTIncomplete  usbd_core.o
    0x080038a8   0x00000014   Code   RO         2116    i.USBD_LL_OpenEP    usbd_conf.o
    0x080038bc   0x0000000e   Code   RO         2117    i.USBD_LL_PrepareReceive  usbd_conf.o
    0x080038ca   0x0000003e   Code   RO         6545    i.USBD_LL_Reset     usbd_core.o
    0x08003908   0x0000000c   Code   RO         6546    i.USBD_LL_Resume    usbd_core.o
    0x08003914   0x00000018   Code   RO         6547    i.USBD_LL_SOF       usbd_core.o
    0x0800392c   0x00000006   Code   RO         6548    i.USBD_LL_SetSpeed  usbd_core.o
    0x08003932   0x0000000e   Code   RO         2118    i.USBD_LL_SetUSBAddress  usbd_conf.o
    0x08003940   0x0000005a   Code   RO         6549    i.USBD_LL_SetupStage  usbd_core.o
    0x0800399a   0x0000000e   Code   RO         2119    i.USBD_LL_StallEP   usbd_conf.o
    0x080039a8   0x0000000e   Code   RO         2120    i.USBD_LL_Start     usbd_conf.o
    0x080039b6   0x00000012   Code   RO         6550    i.USBD_LL_Suspend   usbd_core.o
    0x080039c8   0x0000000e   Code   RO         2122    i.USBD_LL_Transmit  usbd_conf.o
    0x080039d6   0x00000028   Code   RO         6470    i.USBD_ParseSetupRequest  usbd_ctlreq.o
    0x080039fe   0x00000010   Code   RO         6551    i.USBD_RegisterClass  usbd_core.o
    0x08003a0e   0x00000016   Code   RO         6553    i.USBD_SetClassConfig  usbd_core.o
    0x08003a24   0x00000074   Code   RO         6471    i.USBD_SetConfig    usbd_ctlreq.o
    0x08003a98   0x0000000a   Code   RO         6554    i.USBD_Start        usbd_core.o
    0x08003aa2   0x000000f2   Code   RO         6472    i.USBD_StdDevReq    usbd_ctlreq.o
    0x08003b94   0x000000dc   Code   RO         6473    i.USBD_StdEPReq     usbd_ctlreq.o
    0x08003c70   0x00000034   Code   RO         6474    i.USBD_StdItfReq    usbd_ctlreq.o
    0x08003ca4   0x00000080   Code   RO         5492    i.USB_ActivateEndpoint  stm32f4xx_ll_usb.o
    0x08003d24   0x00000034   Code   RO         5493    i.USB_ActivateSetup  stm32f4xx_ll_usb.o
    0x08003d58   0x0000006c   Code   RO         5495    i.USB_CoreInit      stm32f4xx_ll_usb.o
    0x08003dc4   0x00000038   Code   RO         5496    i.USB_CoreReset     stm32f4xx_ll_usb.o
    0x08003dfc   0x0000006e   Code   RO         5498    i.USB_DeactivateEndpoint  stm32f4xx_ll_usb.o
    0x08003e6a   0x00000018   Code   RO         5499    i.USB_DevConnect    stm32f4xx_ll_usb.o
    0x08003e82   0x00000018   Code   RO         5500    i.USB_DevDisconnect  stm32f4xx_ll_usb.o
    0x08003e9a   0x00000002   PAD
    0x08003e9c   0x00000144   Code   RO         5501    i.USB_DevInit       stm32f4xx_ll_usb.o
    0x08003fe0   0x0000000c   Code   RO         5502    i.USB_DisableGlobalInt  stm32f4xx_ll_usb.o
    0x08003fec   0x00000140   Code   RO         5505    i.USB_EP0StartXfer  stm32f4xx_ll_usb.o
    0x0800412c   0x0000003e   Code   RO         5506    i.USB_EP0_OutStart  stm32f4xx_ll_usb.o
    0x0800416a   0x00000064   Code   RO         5507    i.USB_EPClearStall  stm32f4xx_ll_usb.o
    0x080041ce   0x0000005e   Code   RO         5508    i.USB_EPSetStall    stm32f4xx_ll_usb.o
    0x0800422c   0x0000021c   Code   RO         5509    i.USB_EPStartXfer   stm32f4xx_ll_usb.o
    0x08004448   0x0000000c   Code   RO         5510    i.USB_EnableGlobalInt  stm32f4xx_ll_usb.o
    0x08004454   0x00000020   Code   RO         5511    i.USB_FlushRxFifo   stm32f4xx_ll_usb.o
    0x08004474   0x00000024   Code   RO         5512    i.USB_FlushTxFifo   stm32f4xx_ll_usb.o
    0x08004498   0x0000003c   Code   RO         5514    i.USB_GetDevSpeed   stm32f4xx_ll_usb.o
    0x080044d4   0x00000008   Code   RO         5516    i.USB_GetMode       stm32f4xx_ll_usb.o
    0x080044dc   0x0000000e   Code   RO         5523    i.USB_ReadDevAllInEpInterrupt  stm32f4xx_ll_usb.o
    0x080044ea   0x0000000e   Code   RO         5524    i.USB_ReadDevAllOutEpInterrupt  stm32f4xx_ll_usb.o
    0x080044f8   0x0000001e   Code   RO         5525    i.USB_ReadDevInEPInterrupt  stm32f4xx_ll_usb.o
    0x08004516   0x00000010   Code   RO         5526    i.USB_ReadDevOutEPInterrupt  stm32f4xx_ll_usb.o
    0x08004526   0x00000008   Code   RO         5527    i.USB_ReadInterrupts  stm32f4xx_ll_usb.o
    0x0800452e   0x0000001e   Code   RO         5528    i.USB_ReadPacket    stm32f4xx_ll_usb.o
    0x0800454c   0x0000002c   Code   RO         5530    i.USB_SetCurrentMode  stm32f4xx_ll_usb.o
    0x08004578   0x00000022   Code   RO         5531    i.USB_SetDevAddress  stm32f4xx_ll_usb.o
    0x0800459a   0x00000024   Code   RO         5535    i.USB_WritePacket   stm32f4xx_ll_usb.o
    0x080045be   0x00000002   PAD
    0x080045c0   0x00000044   Code   RO         2537    i._Z12MX_ADC1_Initv  main.o
    0x08004604   0x0000004c   Code   RO         2538    i._Z12MX_GPIO_Initv  main.o
    0x08004650   0x0000005c   Code   RO         2539    i._Z12MX_TIM3_Initv  main.o
    0x080046ac   0x00000008   Code   RO         2540    i._Z14temperatureTskPKv  main.o
    0x080046b4   0x00000010   Code   RO         2541    i._Z16StartDefaultTaskPKv  main.o
    0x080046c4   0x00000094   Code   RO         2542    i._Z18SystemClock_Configv  main.o
    0x08004758   0x0000000e   Code   RO         7751    i.__scatterload_copy  mc_w.l(handlers.o)
    0x08004766   0x00000002   Code   RO         7752    i.__scatterload_null  mc_w.l(handlers.o)
    0x08004768   0x0000000e   Code   RO         7753    i.__scatterload_zeroinit  mc_w.l(handlers.o)
    0x08004776   0x00000002   PAD
    0x08004778   0x00000050   Code   RO         7611    i.free              mc_w.l(malloc.o)
    0x080047c8   0x000000c0   Code   RO         2543    i.main              main.o
    0x08004888   0x0000000c   Code   RO          905    i.makeFreeRtosPriority  cmsis_os.o
    0x08004894   0x0000006c   Code   RO         7612    i.malloc            mc_w.l(malloc.o)
    0x08004900   0x0000000e   Code   RO          906    i.osDelay           cmsis_os.o
    0x0800490e   0x0000000a   Code   RO          909    i.osKernelStart     cmsis_os.o
    0x08004918   0x00000014   Code   RO          938    i.osSystickHandler  cmsis_os.o
    0x0800492c   0x00000038   Code   RO          939    i.osThreadCreate    cmsis_os.o
    0x08004964   0x00000034   Code   RO          357    i.prvAddCurrentTaskToDelayedList  tasks.o
    0x08004998   0x00000054   Code   RO          358    i.prvCheckTasksWaitingTermination  tasks.o
    0x080049ec   0x0000004c   Code   RO          636    i.prvHeapInit       heap_4.o
    0x08004a38   0x00000028   Code   RO          359    i.prvIdleTask       tasks.o
    0x08004a60   0x0000004c   Code   RO          637    i.prvInsertBlockIntoFreeList  heap_4.o
    0x08004aac   0x00000020   Code   RO          361    i.prvResetNextTaskUnblockTime  tasks.o
    0x08004acc   0x00000028   Code   RO          269    i.prvTaskExitError  port.o
    0x08004af4   0x000000d8   Code   RO          638    i.pvPortMalloc      heap_4.o
    0x08004bcc   0x00000028   Code   RO          270    i.pxPortInitialiseStack  port.o
    0x08004bf4   0x00000024   Code   RO          694    i.uxListRemove      list.o
    0x08004c18   0x00000016   Code   RO          695    i.vListInitialise   list.o
    0x08004c2e   0x00000006   Code   RO          696    i.vListInitialiseItem  list.o
    0x08004c34   0x00000030   Code   RO          697    i.vListInsert       list.o
    0x08004c64   0x00000018   Code   RO          698    i.vListInsertEnd    list.o
    0x08004c7c   0x00000040   Code   RO          272    i.vPortEnterCritical  port.o
    0x08004cbc   0x00000028   Code   RO          273    i.vPortExitCritical  port.o
    0x08004ce4   0x0000005c   Code   RO          639    i.vPortFree         heap_4.o
    0x08004d40   0x00000020   Code   RO          274    i.vPortSetupTimerInterrupt  port.o
    0x08004d60   0x00000068   Code   RO          371    i.vTaskDelay        tasks.o
    0x08004dc8   0x00000060   Code   RO          383    i.vTaskStartScheduler  tasks.o
    0x08004e28   0x00000010   Code   RO          385    i.vTaskSuspendAll   tasks.o
    0x08004e38   0x0000005c   Code   RO          386    i.vTaskSwitchContext  tasks.o
    0x08004e94   0x000000e0   Code   RO          276    i.xPortStartScheduler  port.o
    0x08004f74   0x0000002c   Code   RO          277    i.xPortSysTickHandler  port.o
    0x08004fa0   0x000001bc   Code   RO          388    i.xTaskGenericCreate  tasks.o
    0x0800515c   0x0000001c   Code   RO          391    i.xTaskGetSchedulerState  tasks.o
    0x08005178   0x000000cc   Code   RO          394    i.xTaskIncrementTick  tasks.o
    0x08005244   0x000000c4   Code   RO          400    i.xTaskResumeAll    tasks.o
    0x08005308   0x00000014   Data   RO         1746    .constdata          sd_diskio.o
    0x0800531c   0x00000028   Data   RO         2553    .constdata          main.o
    0x08005344   0x00000010   Data   RO         5792    .constdata          stm32f4xx_hal_rcc.o
    0x08005354   0x00000018   Data   RO         2554    .conststring        main.o
    0x0800536c   0x00000020   Data   RO         7749    Region$$Table       anon$$obj.o


    Execution Region RW_IRAM1 (Base: 0x20000000, Size: 0x00004e50, Max: 0x00020000, ABSOLUTE, COMPRESSED[0x000000c8])

    Base Addr    Size         Type   Attr      Idx    E Section Name        Object

    0x20000000   0x00000004   Data   RW            7    .data               system_stm32f4xx.o
    0x20000004   0x0000000c   Data   RW          278    .data               port.o
    0x20000010   0x00000038   Data   RW          403    .data               tasks.o
    0x20000048   0x00000018   Data   RW          644    .data               heap_4.o
    0x20000060   0x00000001   Data   RW         1747    .data               sd_diskio.o
    0x20000061   0x00000005   Data   RW         1969    .data               fatfs.o
    0x20000066   0x00000002   PAD
    0x20000068   0x00000010   Data   RW         2019    .data               usbd_cdc_if.o
    0x20000078   0x0000000c   Data   RW         2020    .data               usbd_cdc_if.o
    0x20000084   0x0000001c   Data   RW         2473    .data               usbd_desc.o
    0x200000a0   0x00000016   Data   RW         2474    .data               usbd_desc.o
    0x200000b6   0x00000002   PAD
    0x200000b8   0x00000008   Data   RW         2555    .data               main.o
    0x200000c0   0x00000004   Data   RW         4822    .data               stm32f4xx_hal.o
    0x200000c4   0x00000001   Data   RW         6475    .data               usbd_ctlreq.o
    0x200000c5   0x00000003   PAD
    0x200000c8   0x000000db   Data   RW         6693    .data               usbd_cdc.o
    0x200001a3   0x00000001   PAD
    0x200001a4   0x00000038   Data   RW         6694    .data               usbd_cdc.o
    0x200001dc   0x00000004   Data   RW         7666    .data               mc_w.l(mvars.o)
    0x200001e0   0x00000004   Data   RW         7667    .data               mc_w.l(mvars.o)
    0x200001e4   0x000000f0   Zero   RW          402    .bss                tasks.o
    0x200002d4   0x00003c00   Zero   RW          643    .bss                heap_4.o
    0x20003ed4   0x0000000c   Zero   RW         1688    .bss                ff_gen_drv.o
    0x20003ee0   0x000003b8   Zero   RW         2123    .bss                usbd_conf.o
    0x20004298   0x00000224   Zero   RW         2383    .bss                usb_device.o
    0x200044bc   0x00000200   Zero   RW         2472    .bss                usbd_desc.o
    0x200046bc   0x00000138   Zero   RW         2551    .bss                main.o
    0x200047f4   0x00000004   PAD
    0x200047f8   0x00000058   Zero   RW         2552    .bss                main.o
    0x20004850   0x00000400   Zero   RW         2814    HEAP                startup_stm32f407xx.o
    0x20004c50   0x00000200   Zero   RW         2813    STACK               startup_stm32f407xx.o


==============================================================================

Image component sizes


      Code (inc. data)   RO Data    RW Data    ZI Data      Debug   Object Name

       148         32          0          0          0       3318   bsp_driver_sd.o
       112          0          0          0          0      15504   cmsis_os.o
         0          0          0          0          0        740   diskio.o
         0          0          0          0          0      12648   event_groups.o
        28         10          0          5          0       1056   fatfs.o
         0          0          0          0          0       1260   ff.o
        70          4          0          0         12       1471   ff_gen_drv.o
       460         24          0         24      15360       7055   heap_4.o
       136          0          0          0          0       3450   list.o
       600         58         64          8        400     426909   main.o
       670         74          0         12          0       8440   port.o
       204         18         20          1          0       4096   sd_diskio.o
        36          8        392          0       1536        800   startup_stm32f407xx.o
       136         16          0          4          0       4243   stm32f4xx_hal.o
       728         22          0          0          0       2715   stm32f4xx_hal_adc.o
       218         14          0          0          0      30613   stm32f4xx_hal_cortex.o
       106          0          0          0          0       1891   stm32f4xx_hal_dac.o
       448         50          0          0          0       1828   stm32f4xx_hal_gpio.o
       462         84          0          0          0       4653   stm32f4xx_hal_msp.o
      1954          0          0          0          0       9869   stm32f4xx_hal_pcd.o
        76          0          0          0          0       1796   stm32f4xx_hal_pcd_ex.o
      1316         68         16          0          0       5775   stm32f4xx_hal_rcc.o
      3784         20          0          0          0      19903   stm32f4xx_hal_sd.o
       696         80          0          0          0       6182   stm32f4xx_hal_tim.o
        80          0          0          0          0       1352   stm32f4xx_hal_tim_ex.o
       782          8          0          0          0       2068   stm32f4xx_hal_uart.o
        26          6          0          0          0        946   stm32f4xx_it.o
       158          4          0          0          0       5849   stm32f4xx_ll_sdmmc.o
      2328         52          0          0          0      18688   stm32f4xx_ll_usb.o
        84         18          0          4          0     417477   system_stm32f4xx.o
      1388        114          0         56        240      13670   tasks.o
         0          0          0          0          0       8104   timers.o
        56         18          0          0        548        712   usb_device.o
       542         22          0        275          0      11664   usbd_cdc.o
        72         14          0         28          0       8786   usbd_cdc_if.o
       530         16          0          0        952      12742   usbd_conf.o
       626          0          0          0          0      11302   usbd_core.o
       986         30          0          1          0       6876   usbd_ctlreq.o
       212        116          0         50        512       4971   usbd_desc.o
       132          0          0          0          0       4268   usbd_ioreq.o

    ----------------------------------------------------------------------
     20428       1000        524        476      19564    1105690   Object Totals
         0          0         32          0          0          0   (incl. Generated)
        38          0          0          8          4          0   (incl. Padding)

    ----------------------------------------------------------------------

      Code (inc. data)   RO Data    RW Data    ZI Data      Debug   Library Member Name

        86          0          0          0          0          0   __dczerorl2.o
         0          0          0          0          0          0   entry.o
         0          0          0          0          0          0   entry10a.o
         0          0          0          0          0          0   entry11a.o
         8          4          0          0          0          0   entry2.o
         4          0          0          0          0          0   entry5.o
         0          0          0          0          0          0   entry7b.o
         0          0          0          0          0          0   entry8b.o
         8          4          0          0          0          0   entry9a.o
        30          0          0          0          0          0   handlers.o
        36          8          0          0          0         68   init.o
       188         20          0          0          0        160   malloc.o
        36          0          0          0          0         68   memcpya.o
        36          0          0          0          0        108   memseta.o
         0          0          0          8          0          0   mvars.o

    ----------------------------------------------------------------------
       436         36          0          8          0        404   Library Totals
         4          0          0          0          0          0   (incl. Padding)

    ----------------------------------------------------------------------

      Code (inc. data)   RO Data    RW Data    ZI Data      Debug   Library Name

       432         36          0          8          0        404   mc_w.l

    ----------------------------------------------------------------------
       436         36          0          8          0        404   Library Totals

    ----------------------------------------------------------------------

==============================================================================


      Code (inc. data)   RO Data    RW Data    ZI Data      Debug   

     20864       1036        524        484      19564    1082422   Grand Totals
     20864       1036        524        200      19564    1082422   ELF Image Totals (compressed)
     20864       1036        524        200          0          0   ROM Totals

==============================================================================

    Total RO  Size (Code + RO Data)                21388 (  20.89kB)
    Total RW  Size (RW Data + ZI Data)             20048 (  19.58kB)
    Total ROM Size (Code + RO Data + RW Data)      21588 (  21.08kB)

==============================================================================

